Component: ARM Compiler 5.06 update 1 (build 61) Tool: armlink [4d35a8]

==============================================================================

Section Cross References

    main.o(i.advertising_start) refers to memseta.o(.text) for __aeabi_memclr4
    main.o(i.advertising_start) refers to app_mw_ble_gap.o(i.sd_ble_gap_adv_start) for sd_ble_gap_adv_start
    main.o(i.advertising_start) refers to app_error.o(i.app_error_handler_bare) for app_error_handler_bare
    main.o(i.assert_nrf_callback) refers to app_error.o(i.app_error_handler) for app_error_handler
    main.o(i.ble_evt_dispatch) refers to main.o(i.on_ble_evt) for on_ble_evt
    main.o(i.ble_evt_dispatch) refers to ble_conn_params.o(i.ble_conn_params_on_ble_evt) for ble_conn_params_on_ble_evt
    main.o(i.ble_evt_dispatch) refers to ble_lbs.o(i.ble_lbs_on_ble_evt) for ble_lbs_on_ble_evt
    main.o(i.ble_evt_dispatch) refers to main.o(.bss) for .bss
    main.o(i.ble_stack_init) refers to softdevice_handler.o(i.softdevice_handler_init) for softdevice_handler_init
    main.o(i.ble_stack_init) refers to app_error.o(i.app_error_handler_bare) for app_error_handler_bare
    main.o(i.ble_stack_init) refers to softdevice_handler.o(i.softdevice_enable_get_default_config) for softdevice_enable_get_default_config
    main.o(i.ble_stack_init) refers to softdevice_handler.o(i.sd_check_ram_start) for sd_check_ram_start
    main.o(i.ble_stack_init) refers to softdevice_handler.o(i.softdevice_enable) for softdevice_enable
    main.o(i.ble_stack_init) refers to app_mw_ble_gap.o(i.sd_ble_gap_address_get) for sd_ble_gap_address_get
    main.o(i.ble_stack_init) refers to app_mw_ble_gap.o(i.sd_ble_gap_address_set) for sd_ble_gap_address_set
    main.o(i.ble_stack_init) refers to softdevice_handler.o(i.softdevice_ble_evt_handler_set) for softdevice_ble_evt_handler_set
    main.o(i.ble_stack_init) refers to main.o(.constdata) for .constdata
    main.o(i.ble_stack_init) refers to main.o(.bss) for .bss
    main.o(i.ble_stack_init) refers to main.o(i.ble_evt_dispatch) for ble_evt_dispatch
    main.o(i.button_event_handler) refers to ble_lbs.o(i.ble_lbs_on_button_change) for ble_lbs_on_button_change
    main.o(i.button_event_handler) refers to app_error.o(i.app_error_handler_bare) for app_error_handler_bare
    main.o(i.button_event_handler) refers to main.o(.bss) for .bss
    main.o(i.conn_params_error_handler) refers to app_error.o(i.app_error_handler_bare) for app_error_handler_bare
    main.o(i.main) refers to app_timer.o(i.app_timer_init) for app_timer_init
    main.o(i.main) refers to app_error.o(i.app_error_handler_bare) for app_error_handler_bare
    main.o(i.main) refers to app_button.o(i.app_button_init) for app_button_init
    main.o(i.main) refers to main.o(i.ble_stack_init) for ble_stack_init
    main.o(i.main) refers to app_mw_ble_gap.o(i.sd_ble_gap_device_name_set) for sd_ble_gap_device_name_set
    main.o(i.main) refers to app_mw_ble_gap.o(i.sd_ble_gap_ppcp_set) for sd_ble_gap_ppcp_set
    main.o(i.main) refers to ble_lbs.o(i.ble_lbs_init) for ble_lbs_init
    main.o(i.main) refers to memseta.o(.text) for __aeabi_memclr4
    main.o(i.main) refers to ble_advdata.o(i.ble_advdata_set) for ble_advdata_set
    main.o(i.main) refers to ble_conn_params.o(i.ble_conn_params_init) for ble_conn_params_init
    main.o(i.main) refers to main.o(i.advertising_start) for advertising_start
    main.o(i.main) refers to nrf_soc.o(i.sd_app_evt_wait) for sd_app_evt_wait
    main.o(i.main) refers to main.o(.bss) for .bss
    main.o(i.main) refers to main.o(.data) for .data
    main.o(i.main) refers to main.o(i.led_write_handler) for led_write_handler
    main.o(i.main) refers to main.o(.constdata) for .constdata
    main.o(i.main) refers to main.o(i.on_conn_params_evt) for on_conn_params_evt
    main.o(i.main) refers to main.o(i.conn_params_error_handler) for conn_params_error_handler
    main.o(i.on_ble_evt) refers to app_mw_ble_gatts.o(i.sd_ble_gatts_sys_attr_set) for sd_ble_gatts_sys_attr_set
    main.o(i.on_ble_evt) refers to app_button.o(i.app_button_enable) for app_button_enable
    main.o(i.on_ble_evt) refers to app_button.o(i.app_button_disable) for app_button_disable
    main.o(i.on_ble_evt) refers to app_error.o(i.app_error_handler_bare) for app_error_handler_bare
    main.o(i.on_ble_evt) refers to main.o(i.advertising_start) for advertising_start
    main.o(i.on_ble_evt) refers to app_mw_ble_gap.o(i.sd_ble_gap_sec_params_reply) for sd_ble_gap_sec_params_reply
    main.o(i.on_ble_evt) refers to main.o(.data) for .data
    main.o(i.on_conn_params_evt) refers to app_mw_ble_gap.o(i.sd_ble_gap_disconnect) for sd_ble_gap_disconnect
    main.o(i.on_conn_params_evt) refers to app_error.o(i.app_error_handler_bare) for app_error_handler_bare
    main.o(i.on_conn_params_evt) refers to main.o(.data) for .data
    main.o(.data) refers to main.o(i.button_event_handler) for button_event_handler
[...]
    SEGGER_RTT_WriteNoLock                   0x0000083d   Thumb Code    86  segger_rtt.o(i.SEGGER_RTT_WriteNoLock)
    SEGGER_RTT_vprintf                       0x00000899   Thumb Code   406  segger_rtt_printf.o(i.SEGGER_RTT_vprintf)
    SWI0_EGU0_IRQHandler                     0x00000a2f   Thumb Code     4  app_timer.o(i.SWI0_EGU0_IRQHandler)
    SWI2_EGU2_IRQHandler                     0x00000a35   Thumb Code    32  softdevice_handler.o(i.SWI2_EGU2_IRQHandler)
    SystemInit                               0x00000a59   Thumb Code   566  system_nrf52.o(i.SystemInit)
    UARTE0_UART0_IRQHandler                  0x00000cc5   Thumb Code    14  nrf_drv_uart.o(i.UARTE0_UART0_IRQHandler)
    __scatterload_copy                       0x00000fcb   Thumb Code    14  handlers.o(i.__scatterload_copy)
    __scatterload_null                       0x00000fd9   Thumb Code     2  handlers.o(i.__scatterload_null)
    __scatterload_zeroinit                   0x00000fdb   Thumb Code    14  handlers.o(i.__scatterload_zeroinit)
    adv_data_encode                          0x00000fe9   Thumb Code   514  ble_advdata.o(i.adv_data_encode)
    app_ble_gap_sec_context_create           0x00001231   Thumb Code    54  app_ble_gap_sec_keys.o(i.app_ble_gap_sec_context_create)
    app_ble_gap_sec_context_destroy          0x0000126d   Thumb Code    46  app_ble_gap_sec_keys.o(i.app_ble_gap_sec_context_destroy)
    app_ble_gap_sec_context_find             0x000012a1   Thumb Code    48  app_ble_gap_sec_keys.o(i.app_ble_gap_sec_context_find)
    app_ble_user_mem_context_destroy         0x000012d5   Thumb Code    46  app_ble_user_mem.o(i.app_ble_user_mem_context_destroy)
    app_ble_user_mem_context_find            0x00001309   Thumb Code    48  app_ble_user_mem.o(i.app_ble_user_mem_context_find)
    app_button_disable                       0x0000133d   Thumb Code    38  app_button.o(i.app_button_disable)
    app_button_enable                        0x0000136d   Thumb Code    32  app_button.o(i.app_button_enable)
    app_button_init                          0x00001391   Thumb Code    96  app_button.o(i.app_button_init)
    app_error_fault_handler                  0x00001401   Thumb Code    26  app_error_weak.o(i.app_error_fault_handler)
    app_error_handler_bare                   0x00001425   Thumb Code    22  app_error.o(i.app_error_handler_bare)
    app_mailbox_create                       0x0000143b   Thumb Code    22  app_mailbox.o(i.app_mailbox_create)
    app_mailbox_get                          0x00001451   Thumb Code    10  app_mailbox.o(i.app_mailbox_get)
    app_mailbox_put                          0x0000145b   Thumb Code     6  app_mailbox.o(i.app_mailbox_put)
    app_mailbox_sized_get                    0x00001461   Thumb Code    78  app_mailbox.o(i.app_mailbox_sized_get)
    app_mailbox_sized_put                    0x000014af   Thumb Code   100  app_mailbox.o(i.app_mailbox_sized_put)
    app_timer_create                         0x00001515   Thumb Code    32  app_timer.o(i.app_timer_create)
    app_timer_init                           0x00001539   Thumb Code   134  app_timer.o(i.app_timer_init)
    app_timer_start                          0x000015c9   Thumb Code   118  app_timer.o(i.app_timer_start)
    app_timer_stop                           0x00001649   Thumb Code    76  app_timer.o(i.app_timer_stop)
    app_uart_init                            0x00001699   Thumb Code   120  app_uart.o(i.app_uart_init)
    app_uart_put                             0x0000171d   Thumb Code    30  app_uart.o(i.app_uart_put)
    app_util_critical_region_enter           0x00001741   Thumb Code     4  app_util_platform.o(i.app_util_critical_region_enter)
    app_util_critical_region_exit            0x00001745   Thumb Code     4  app_util_platform.o(i.app_util_critical_region_exit)
    app_util_disable_irq                     0x00001749   Thumb Code    12  app_util_platform.o(i.app_util_disable_irq)
    app_util_enable_irq                      0x00001759   Thumb Code    14  app_util_platform.o(i.app_util_enable_irq)
    ble_advdata_set                          0x000017e5   Thumb Code   106  ble_advdata.o(i.ble_advdata_set)
    ble_common_enable_params_t_enc           0x00001851   Thumb Code    46  ble_struct_serialization.o(i.ble_common_enable_params_t_enc)
    ble_conn_bw_count_t_enc                  0x00001885   Thumb Code    64  ble_struct_serialization.o(i.ble_conn_bw_count_t_enc)
    ble_conn_bw_counts_t_enc                 0x000018c5   Thumb Code    48  ble_struct_serialization.o(i.ble_conn_bw_counts_t_enc)
    ble_conn_params_init                     0x000018f5   Thumb Code    76  ble_conn_params.o(i.ble_conn_params_init)
    ble_conn_params_on_ble_evt               0x00001951   Thumb Code   120  ble_conn_params.o(i.ble_conn_params_on_ble_evt)
    ble_enable_params_t_enc                  0x00001a35   Thumb Code    68  ble_struct_serialization.o(i.ble_enable_params_t_enc)
    ble_enable_req_enc                       0x00001a79   Thumb Code    56  ble_enable.o(i.ble_enable_req_enc)
    ble_enable_rsp_dec                       0x00001ab5   Thumb Code     8  ble_enable.o(i.ble_enable_rsp_dec)
    ble_event_dec                            0x00001abd   Thumb Code   566  ble_event.o(i.ble_event_dec)
    ble_evt_tx_complete_dec                  0x00001d15   Thumb Code   100  ble_evt_tx_complete.o(i.ble_evt_tx_complete_dec)
    ble_evt_user_mem_release_dec             0x00001d79   Thumb Code   178  ble_evt_user_mem_release.o(i.ble_evt_user_mem_release_dec)
    ble_evt_user_mem_request_dec             0x00001e31   Thumb Code    90  ble_evt_user_mem_request.o(i.ble_evt_user_mem_request_dec)
    ble_gap_addr_dec                         0x00001e8b   Thumb Code    48  ble_gap_struct_serialization.o(i.ble_gap_addr_dec)
    ble_gap_addr_enc                         0x00001ebb   Thumb Code    48  ble_gap_struct_serialization.o(i.ble_gap_addr_enc)
    ble_gap_address_get_req_enc              0x00001eeb   Thumb Code    36  ble_gap_address_get.o(i.ble_gap_address_get_req_enc)
    ble_gap_address_get_rsp_dec              0x00001f0f   Thumb Code   102  ble_gap_address_get.o(i.ble_gap_address_get_rsp_dec)
    ble_gap_address_set_req_enc              0x00001f75   Thumb Code   128  ble_gap_address_set.o(i.ble_gap_address_set_req_enc)
    ble_gap_address_set_rsp_dec              0x00001ff5   Thumb Code     8  ble_gap_address_set.o(i.ble_gap_address_set_rsp_dec)
    ble_gap_adv_ch_mask_t_enc                0x00001ffd   Thumb Code    42  ble_gap_struct_serialization.o(i.ble_gap_adv_ch_mask_t_enc)
    ble_gap_adv_data_set_req_enc             0x00002027   Thumb Code    96  ble_gap_adv_data_set.o(i.ble_gap_adv_data_set_req_enc)
    ble_gap_adv_data_set_rsp_dec             0x00002087   Thumb Code     8  ble_gap_adv_data_set.o(i.ble_gap_adv_data_set_rsp_dec)
    ble_gap_adv_start_req_enc                0x00002091   Thumb Code   196  ble_gap_adv_start.o(i.ble_gap_adv_start_req_enc)
    ble_gap_adv_start_rsp_dec                0x0000215d   Thumb Code     8  ble_gap_adv_start.o(i.ble_gap_adv_start_rsp_dec)
    ble_gap_appearance_get_req_enc           0x00002165   Thumb Code    36  ble_gap_appearance_get.o(i.ble_gap_appearance_get_req_enc)
    ble_gap_appearance_get_rsp_dec           0x00002189   Thumb Code    86  ble_gap_appearance_get.o(i.ble_gap_appearance_get_rsp_dec)
    ble_gap_conn_param_update_req_enc        0x000021df   Thumb Code   122  ble_gap_conn_param_update.o(i.ble_gap_conn_param_update_req_enc)
    ble_gap_conn_param_update_rsp_dec        0x00002259   Thumb Code     8  ble_gap_conn_param_update.o(i.ble_gap_conn_param_update_rsp_dec)
    ble_gap_conn_params_t_dec                0x00002261   Thumb Code    96  ble_gap_struct_serialization.o(i.ble_gap_conn_params_t_dec)
    ble_gap_conn_sec_mode_enc                0x000022c1   Thumb Code    26  ble_gap_struct_serialization.o(i.ble_gap_conn_sec_mode_enc)
    ble_gap_device_name_get_req_enc          0x000022db   Thumb Code    86  ble_gap_device_name_get.o(i.ble_gap_device_name_get_req_enc)
    ble_gap_device_name_get_rsp_dec          0x00002331   Thumb Code    88  ble_gap_device_name_get.o(i.ble_gap_device_name_get_rsp_dec)
    ble_gap_device_name_set_req_enc          0x00002389   Thumb Code   134  ble_gap_device_name_set.o(i.ble_gap_device_name_set_req_enc)
    ble_gap_device_name_set_rsp_dec          0x0000240f   Thumb Code     8  ble_gap_device_name_set.o(i.ble_gap_device_name_set_rsp_dec)
    ble_gap_disconnect_req_enc               0x00002417   Thumb Code    40  ble_gap_disconnect.o(i.ble_gap_disconnect_req_enc)
    ble_gap_disconnect_rsp_dec               0x0000243f   Thumb Code     8  ble_gap_disconnect.o(i.ble_gap_disconnect_rsp_dec)
    ble_gap_enable_params_t_enc              0x00002447   Thumb Code    62  ble_gap_struct_serialization.o(i.ble_gap_enable_params_t_enc)
    ble_gap_enc_info_dec                     0x00002485   Thumb Code    90  ble_gap_struct_serialization.o(i.ble_gap_enc_info_dec)
    ble_gap_enc_info_enc                     0x000024df   Thumb Code    72  ble_gap_struct_serialization.o(i.ble_gap_enc_info_enc)
    ble_gap_enc_key_t_dec                    0x00002527   Thumb Code    48  ble_gap_struct_serialization.o(i.ble_gap_enc_key_t_dec)
    ble_gap_enc_key_t_enc                    0x00002557   Thumb Code    48  ble_gap_struct_serialization.o(i.ble_gap_enc_key_t_enc)
    ble_gap_evt_adv_report_dec               0x00002587   Thumb Code   188  ble_gap_evt_adv_report.o(i.ble_gap_evt_adv_report_dec)
    ble_gap_evt_auth_key_request_dec         0x00002643   Thumb Code   100  ble_gap_evt_auth_key_request.o(i.ble_gap_evt_auth_key_request_dec)
    ble_gap_evt_auth_status_dec              0x000026a9   Thumb Code   158  ble_gap_evt_auth_status.o(i.ble_gap_evt_auth_status_dec)
    ble_gap_evt_auth_status_t_dec            0x0000274d   Thumb Code   136  ble_gap_struct_serialization.o(i.ble_gap_evt_auth_status_t_dec)
    ble_gap_evt_conn_param_update_dec        0x000027d5   Thumb Code   142  ble_gap_evt_conn_param_update.o(i.ble_gap_evt_conn_param_update_dec)
    ble_gap_evt_conn_param_update_request_dec 0x00002863   Thumb Code   142  ble_gap_evt_conn_param_update_request.o(i.ble_gap_evt_conn_param_update_request_dec)
    ble_gap_evt_conn_sec_update_dec          0x000028f1   Thumb Code   128  ble_gap_evt_conn_sec_update.o(i.ble_gap_evt_conn_sec_update_dec)
    ble_gap_evt_connected_dec                0x00002971   Thumb Code    98  ble_gap_evt_connected.o(i.ble_gap_evt_connected_dec)
    ble_gap_evt_connected_t_dec              0x000029d3   Thumb Code   110  ble_gap_struct_serialization.o(i.ble_gap_evt_connected_t_dec)
    ble_gap_evt_disconnected_dec             0x00002a41   Thumb Code   100  ble_gap_evt_disconnected.o(i.ble_gap_evt_disconnected_dec)
    ble_gap_evt_key_pressed_dec              0x00002aa5   Thumb Code    98  ble_gap_evt_key_pressed.o(i.ble_gap_evt_key_pressed_dec)
    ble_gap_evt_lesc_dhkey_request_dec       0x00002b09   Thumb Code   164  ble_gap_evt_lesc_dhkey_request.o(i.ble_gap_evt_lesc_dhkey_request_dec)
    ble_gap_evt_passkey_display_dec          0x00002bb5   Thumb Code   126  ble_gap_evt_passkey_display.o(i.ble_gap_evt_passkey_display_dec)
    ble_gap_evt_rssi_changed_dec             0x00002c33   Thumb Code   100  ble_gap_evt_rssi_changed.o(i.ble_gap_evt_rssi_changed_dec)
    ble_gap_evt_scan_req_report_dec          0x00002c97   Thumb Code   120  ble_gap_evt_scan_req_report.o(i.ble_gap_evt_scan_req_report_dec)
    ble_gap_evt_sec_info_request_dec         0x00002d0f   Thumb Code   104  ble_gap_evt_sec_info_request.o(i.ble_gap_evt_sec_info_request_dec)
    ble_gap_evt_sec_info_request_t_dec       0x00002d77   Thumb Code    78  ble_gap_struct_serialization.o(i.ble_gap_evt_sec_info_request_t_dec)
    ble_gap_evt_sec_params_request_dec       0x00002dc5   Thumb Code   108  ble_gap_evt_sec_params_request.o(i.ble_gap_evt_sec_params_request_dec)
    ble_gap_evt_sec_params_request_t_dec     0x00002e31   Thumb Code     4  ble_gap_struct_serialization.o(i.ble_gap_evt_sec_params_request_t_dec)
    ble_gap_evt_sec_request_dec              0x00002e35   Thumb Code   100  ble_gap_evt_sec_request.o(i.ble_gap_evt_sec_request_dec)
    ble_gap_evt_sec_request_t_dec            0x00002e99   Thumb Code    78  ble_gap_struct_serialization.o(i.ble_gap_evt_sec_request_t_dec)
    ble_gap_evt_timeout_dec                  0x00002ee7   Thumb Code   104  ble_gap_evt_timeout.o(i.ble_gap_evt_timeout_dec)
    ble_gap_id_key_t_dec                     0x00002f4f   Thumb Code    48  ble_gap_struct_serialization.o(i.ble_gap_id_key_t_dec)
    ble_gap_id_key_t_enc                     0x00002f7f   Thumb Code    48  ble_gap_struct_serialization.o(i.ble_gap_id_key_t_enc)
    ble_gap_irk_dec                          0x00002faf   Thumb Code    38  ble_gap_struct_serialization.o(i.ble_gap_irk_dec)
    ble_gap_irk_enc                          0x00002fd5   Thumb Code    38  ble_gap_struct_serialization.o(i.ble_gap_irk_enc)
    ble_gap_lesc_p256_pk_t_dec               0x00002ffb   Thumb Code    38  ble_gap_struct_serialization.o(i.ble_gap_lesc_p256_pk_t_dec)
    ble_gap_lesc_p256_pk_t_enc               0x00003021   Thumb Code    38  ble_gap_struct_serialization.o(i.ble_gap_lesc_p256_pk_t_enc)
    ble_gap_master_id_t_dec                  0x00003047   Thumb Code    54  ble_gap_struct_serialization.o(i.ble_gap_master_id_t_dec)
    ble_gap_master_id_t_enc                  0x0000307d   Thumb Code    54  ble_gap_struct_serialization.o(i.ble_gap_master_id_t_enc)
    ble_gap_ppcp_get_req_enc                 0x000030b3   Thumb Code    36  ble_gap_ppcp_get.o(i.ble_gap_ppcp_get_req_enc)
    ble_gap_ppcp_get_rsp_dec                 0x000030d7   Thumb Code   120  ble_gap_ppcp_get.o(i.ble_gap_ppcp_get_rsp_dec)
    ble_gap_ppcp_set_req_enc                 0x0000314f   Thumb Code   110  ble_gap_ppcp_set.o(i.ble_gap_ppcp_set_req_enc)
    ble_gap_ppcp_set_rsp_dec                 0x000031bd   Thumb Code     8  ble_gap_ppcp_set.o(i.ble_gap_ppcp_set_rsp_dec)
    ble_gap_sec_kdist_t_dec                  0x000031c5   Thumb Code    78  ble_gap_struct_serialization.o(i.ble_gap_sec_kdist_t_dec)
    ble_gap_sec_kdist_t_enc                  0x00003213   Thumb Code    82  ble_gap_struct_serialization.o(i.ble_gap_sec_kdist_t_enc)
    ble_gap_sec_keys_dec                     0x00003265   Thumb Code    86  ble_gap_struct_serialization.o(i.ble_gap_sec_keys_dec)
    ble_gap_sec_keys_enc                     0x000032cd   Thumb Code    82  ble_gap_struct_serialization.o(i.ble_gap_sec_keys_enc)
    ble_gap_sec_keyset_t_dec                 0x00003331   Thumb Code    48  ble_gap_struct_serialization.o(i.ble_gap_sec_keyset_t_dec)
    ble_gap_sec_keyset_t_enc                 0x00003361   Thumb Code    48  ble_gap_struct_serialization.o(i.ble_gap_sec_keyset_t_enc)
    ble_gap_sec_levels_dec                   0x00003391   Thumb Code    56  ble_gap_struct_serialization.o(i.ble_gap_sec_levels_dec)
    ble_gap_sec_params_reply_req_enc         0x000033c9   Thumb Code   134  ble_gap_sec_params_reply.o(i.ble_gap_sec_params_reply_req_enc)
    ble_gap_sec_params_reply_rsp_dec         0x00003459   Thumb Code    90  ble_gap_sec_params_reply.o(i.ble_gap_sec_params_reply_rsp_dec)
    ble_gap_sec_params_t_dec                 0x000034b9   Thumb Code   154  ble_gap_struct_serialization.o(i.ble_gap_sec_params_t_dec)
    ble_gap_sec_params_t_enc                 0x00003553   Thumb Code   132  ble_gap_struct_serialization.o(i.ble_gap_sec_params_t_enc)
    ble_gap_sign_info_dec                    0x000035d7   Thumb Code    38  ble_gap_struct_serialization.o(i.ble_gap_sign_info_dec)
    ble_gap_sign_info_enc                    0x000035fd   Thumb Code    38  ble_gap_struct_serialization.o(i.ble_gap_sign_info_enc)
    ble_gap_whitelist_t_enc                  0x00003625   Thumb Code   164  ble_gap_struct_serialization.o(i.ble_gap_whitelist_t_enc)
    ble_gattc_attr_info_t_128_dec            0x000036d1   Thumb Code    48  ble_gattc_struct_serialization.o(i.ble_gattc_attr_info_t_128_dec)
    ble_gattc_attr_info_t_16_dec             0x00003701   Thumb Code    48  ble_gattc_struct_serialization.o(i.ble_gattc_attr_info_t_16_dec)
    ble_gattc_evt_attr_info_disc_rsp_dec     0x00003731   Thumb Code   164  ble_gattc_evt_attr_info_disc_rsp.o(i.ble_gattc_evt_attr_info_disc_rsp_dec)
    ble_gattc_evt_attr_info_disc_rsp_t_dec   0x000037d5   Thumb Code   126  ble_gattc_struct_serialization.o(i.ble_gattc_evt_attr_info_disc_rsp_t_dec)
    ble_gattc_evt_char_disc_rsp_dec          0x0000385d   Thumb Code   388  ble_gattc_evt_char_disc_rsp.o(i.ble_gattc_evt_char_disc_rsp_dec)
    ble_gattc_evt_char_val_by_uuid_read_rsp_dec 0x000039e1   Thumb Code   162  ble_gattc_evt_char_val_by_uuid_read_rsp.o(i.ble_gattc_evt_char_val_by_uuid_read_rsp_dec)
    ble_gattc_evt_char_val_by_uuid_read_rsp_t_dec 0x00003a85   Thumb Code   204  ble_gattc_struct_serialization.o(i.ble_gattc_evt_char_val_by_uuid_read_rsp_t_dec)
    ble_gattc_evt_char_vals_read_rsp_dec     0x00003b51   Thumb Code   116  ble_gattc_evt_char_vals_read_rsp.o(i.ble_gattc_evt_char_vals_read_rsp_dec)
    ble_gattc_evt_char_vals_read_rsp_t_dec   0x00003bc5   Thumb Code    66  ble_gattc_struct_serialization.o(i.ble_gattc_evt_char_vals_read_rsp_t_dec)
    ble_gattc_evt_desc_disc_rsp_dec          0x00003c07   Thumb Code   242  ble_gattc_evt_desc_disc_rsp.o(i.ble_gattc_evt_desc_disc_rsp_dec)
    ble_gattc_evt_hvx_dec                    0x00003cf9   Thumb Code   190  ble_gattc_evt_hvx.o(i.ble_gattc_evt_hvx_dec)
    ble_gattc_evt_prim_srvc_disc_rsp_dec     0x00003db9   Thumb Code   258  ble_gattc_evt_prim_srvc_disc_rsp.o(i.ble_gattc_evt_prim_srvc_disc_rsp_dec)
    ble_gattc_evt_read_rsp_dec               0x00003ebb   Thumb Code   190  ble_gattc_evt_read_rsp.o(i.ble_gattc_evt_read_rsp_dec)
    ble_gattc_evt_rel_disc_rsp_dec           0x00003f79   Thumb Code   138  ble_gattc_evt_rel_disc_rsp.o(i.ble_gattc_evt_rel_disc_rsp_dec)
    ble_gattc_evt_rel_disc_rsp_t_dec         0x00004003   Thumb Code    66  ble_gattc_struct_serialization.o(i.ble_gattc_evt_rel_disc_rsp_t_dec)
    ble_gattc_evt_timeout_dec                0x00004045   Thumb Code   100  ble_gattc_evt_timeout.o(i.ble_gattc_evt_timeout_dec)
    ble_gattc_evt_write_rsp_dec              0x000040a9   Thumb Code   204  ble_gattc_evt_write_rsp.o(i.ble_gattc_evt_write_rsp_dec)
    ble_gattc_handle_range_t_dec             0x00004175   Thumb Code    50  ble_gattc_struct_serialization.o(i.ble_gattc_handle_range_t_dec)
    ble_gattc_include_t_dec                  0x000041a7   Thumb Code    40  ble_gattc_struct_serialization.o(i.ble_gattc_include_t_dec)
    ble_gattc_service_t_dec                  0x000041cf   Thumb Code    40  ble_gattc_struct_serialization.o(i.ble_gattc_service_t_dec)
    ble_gatts_attr_enc                       0x000041f9   Thumb Code   106  ble_gatts_struct_serialization.o(i.ble_gatts_attr_enc)
    ble_gatts_attr_md_enc                    0x0000426d   Thumb Code    94  ble_gatts_struct_serialization.o(i.ble_gatts_attr_md_enc)
    ble_gatts_char_handles_dec               0x000042cb   Thumb Code    72  ble_gatts_struct_serialization.o(i.ble_gatts_char_handles_dec)
    ble_gatts_char_md_enc                    0x00004315   Thumb Code   234  ble_gatts_struct_serialization.o(i.ble_gatts_char_md_enc)
    ble_gatts_characteristic_add_req_enc     0x00004409   Thumb Code   138  ble_gatts_characteristic_add.o(i.ble_gatts_characteristic_add_req_enc)
    ble_gatts_characteristic_add_rsp_dec     0x0000449d   Thumb Code    88  ble_gatts_characteristic_add.o(i.ble_gatts_characteristic_add_rsp_dec)
    ble_gatts_enable_params_t_enc            0x000044f9   Thumb Code    50  ble_gatts_struct_serialization.o(i.ble_gatts_enable_params_t_enc)
    ble_gatts_evt_hvc_dec                    0x0000452b   Thumb Code    98  ble_gatts_evt_hvc.o(i.ble_gatts_evt_hvc_dec)
    ble_gatts_evt_read_t_dec                 0x0000458d   Thumb Code   110  ble_gatts_struct_serialization.o(i.ble_gatts_evt_read_t_dec)
    ble_gatts_evt_rw_authorize_request_dec   0x000045fd   Thumb Code   178  ble_gatts_evt_rw_authorize_request.o(i.ble_gatts_evt_rw_authorize_request_dec)
    ble_gatts_evt_rw_authorize_request_t_dec 0x000046b5   Thumb Code   138  ble_gatts_struct_serialization.o(i.ble_gatts_evt_rw_authorize_request_t_dec)
    ble_gatts_evt_sc_confirm_dec             0x0000473f   Thumb Code    74  ble_gatts_evt_sc_confirm.o(i.ble_gatts_evt_sc_confirm_dec)
    ble_gatts_evt_sys_attr_missing_dec       0x00004789   Thumb Code    98  ble_gatts_evt_sys_attr_missing.o(i.ble_gatts_evt_sys_attr_missing_dec)
    ble_gatts_evt_timeout_dec                0x000047eb   Thumb Code    98  ble_gatts_evt_timeout.o(i.ble_gatts_evt_timeout_dec)
    ble_gatts_evt_write_dec                  0x0000484d   Thumb Code   168  ble_gatts_evt_write.o(i.ble_gatts_evt_write_dec)
    ble_gatts_evt_write_t_dec                0x000048f9   Thumb Code   226  ble_gatts_struct_serialization.o(i.ble_gatts_evt_write_t_dec)
    ble_gatts_hvx_req_enc                    0x000049db   Thumb Code   230  ble_gatts_hvx.o(i.ble_gatts_hvx_req_enc)
    ble_gatts_hvx_rsp_dec                    0x00004ac1   Thumb Code    84  ble_gatts_hvx.o(i.ble_gatts_hvx_rsp_dec)
    ble_gatts_service_add_req_enc            0x00004b19   Thumb Code    98  ble_gatts_service_add.o(i.ble_gatts_service_add_req_enc)
    ble_gatts_service_add_rsp_dec            0x00004b7b   Thumb Code    90  ble_gatts_service_add.o(i.ble_gatts_service_add_rsp_dec)
    ble_gatts_sys_attr_set_req_enc           0x00004bd5   Thumb Code   146  ble_gatts_sys_attr_set.o(i.ble_gatts_sys_attr_set_req_enc)
    ble_gatts_sys_attr_set_rsp_dec           0x00004c67   Thumb Code     8  ble_gatts_sys_attr_set.o(i.ble_gatts_sys_attr_set_rsp_dec)
    ble_l2cap_evt_rx_dec                     0x00004c6f   Thumb Code   110  ble_l2cap_evt_rx.o(i.ble_l2cap_evt_rx_dec)
    ble_l2cap_evt_rx_t_dec                   0x00004cdd   Thumb Code   128  ble_struct_serialization.o(i.ble_l2cap_evt_rx_t_dec)
    ble_l2cap_header_t_dec                   0x00004d5d   Thumb Code    48  ble_struct_serialization.o(i.ble_l2cap_header_t_dec)
    ble_lbs_init                             0x00004d8d   Thumb Code    92  ble_lbs.o(i.ble_lbs_init)
    ble_lbs_on_ble_evt                       0x00004ded   Thumb Code    52  ble_lbs.o(i.ble_lbs_on_ble_evt)
    ble_lbs_on_button_change                 0x00004e21   Thumb Code    50  ble_lbs.o(i.ble_lbs_on_button_change)
    ble_uuid128_t_dec                        0x00004ed5   Thumb Code    40  ble_struct_serialization.o(i.ble_uuid128_t_dec)
    ble_uuid128_t_enc                        0x00004efd   Thumb Code    40  ble_struct_serialization.o(i.ble_uuid128_t_enc)
    ble_uuid_encode_req_enc                  0x00004f25   Thumb Code   108  ble_uuid_encode.o(i.ble_uuid_encode_req_enc)
    ble_uuid_encode_rsp_dec                  0x00004f91   Thumb Code   108  ble_uuid_encode.o(i.ble_uuid_encode_rsp_dec)
    ble_uuid_t_dec                           0x00004ffd   Thumb Code    48  ble_struct_serialization.o(i.ble_uuid_t_dec)
    ble_uuid_t_enc                           0x0000502d   Thumb Code    40  ble_struct_serialization.o(i.ble_uuid_t_enc)
    ble_uuid_vs_add_req_enc                  0x00005055   Thumb Code    94  ble_uuid_vs_add.o(i.ble_uuid_vs_add_req_enc)
    ble_uuid_vs_add_rsp_dec                  0x000050b9   Thumb Code    90  ble_uuid_vs_add.o(i.ble_uuid_vs_add_rsp_dec)
    buf_dec                                  0x00005119   Thumb Code   100  ble_serialization.o(i.buf_dec)
    buf_enc                                  0x0000517d   Thumb Code    80  ble_serialization.o(i.buf_enc)
    cond_field_dec                           0x000053fd   Thumb Code    92  cond_field_serialization.o(i.cond_field_dec)
    cond_field_enc                           0x00005459   Thumb Code    58  cond_field_serialization.o(i.cond_field_enc)
    int8_dec                                 0x0000582d   Thumb Code    22  ble_serialization.o(i.int8_dec)
    intern_softdevice_events_execute         0x00005845   Thumb Code   110  softdevice_handler.o(i.intern_softdevice_events_execute)
    len16data_dec                            0x000059e9   Thumb Code    48  ble_serialization.o(i.len16data_dec)
    len16data_enc                            0x00005a19   Thumb Code    48  ble_serialization.o(i.len16data_enc)
    len8data_enc                             0x00005a49   Thumb Code    48  ble_serialization.o(i.len8data_enc)
    log_rtt_init                             0x00005c01   Thumb Code    54  nrf_log.o(i.log_rtt_init)
    log_rtt_printf                           0x00005c55   Thumb Code    22  nrf_log.o(i.log_rtt_printf)
    main                                     0x00005c6d   Thumb Code   322  main.o(i.main)
    nrf_delay_ms                             0x00005edb   Thumb Code    26  nrf_delay.o(i.nrf_delay_ms)
    nrf_drv_common_irq_enable                0x00005ef5   Thumb Code    56  nrf_drv_common.o(i.nrf_drv_common_irq_enable)
    nrf_drv_gpiote_in_event_disable          0x00005f2d   Thumb Code    66  nrf_drv_gpiote.o(i.nrf_drv_gpiote_in_event_disable)
    nrf_drv_gpiote_in_event_enable           0x00005f75   Thumb Code   150  nrf_drv_gpiote.o(i.nrf_drv_gpiote_in_event_enable)
    nrf_drv_gpiote_in_init                   0x00006019   Thumb Code   170  nrf_drv_gpiote.o(i.nrf_drv_gpiote_in_init)
    nrf_drv_gpiote_in_is_set                 0x000060d1   Thumb Code    16  nrf_drv_gpiote.o(i.nrf_drv_gpiote_in_is_set)
    nrf_drv_gpiote_init                      0x000060e5   Thumb Code    76  nrf_drv_gpiote.o(i.nrf_drv_gpiote_init)
    nrf_drv_gpiote_is_init                   0x00006139   Thumb Code    14  nrf_drv_gpiote.o(i.nrf_drv_gpiote_is_init)
    nrf_drv_uart_init                        0x0000614d   Thumb Code   126  nrf_drv_uart.o(i.nrf_drv_uart_init)
    nrf_drv_uart_rx                          0x000061e1   Thumb Code   132  nrf_drv_uart.o(i.nrf_drv_uart_rx)
    nrf_drv_uart_rx_enable                   0x0000626d   Thumb Code    26  nrf_drv_uart.o(i.nrf_drv_uart_rx_enable)
    nrf_drv_uart_tx                          0x000063b9   Thumb Code   134  nrf_drv_uart.o(i.nrf_drv_uart_tx)
    nrf_drv_uart_tx_in_progress              0x000064c9   Thumb Code    12  nrf_drv_uart.o(i.nrf_drv_uart_tx_in_progress)
    os_rsp_set_handler                       0x0000664d   Thumb Code     2  ser_softdevice_handler.o(i.os_rsp_set_handler)
    sd_app_evt_wait                          0x000068c1   Thumb Code     6  nrf_soc.o(i.sd_app_evt_wait)
    sd_ble_enable                            0x000068c9   Thumb Code    52  app_mw_ble.o(i.sd_ble_enable)
    sd_ble_evt_get                           0x00006905   Thumb Code    36  ser_softdevice_handler.o(i.sd_ble_evt_get)
    sd_ble_gap_address_get                   0x0000692d   Thumb Code    56  app_mw_ble_gap.o(i.sd_ble_gap_address_get)
    sd_ble_gap_address_set                   0x0000696d   Thumb Code    56  app_mw_ble_gap.o(i.sd_ble_gap_address_set)
    sd_ble_gap_adv_data_set                  0x000069a9   Thumb Code    74  app_mw_ble_gap.o(i.sd_ble_gap_adv_data_set)
    sd_ble_gap_adv_start                     0x000069f9   Thumb Code    52  app_mw_ble_gap.o(i.sd_ble_gap_adv_start)
    sd_ble_gap_appearance_get                0x00006a31   Thumb Code    56  app_mw_ble_gap.o(i.sd_ble_gap_appearance_get)
    sd_ble_gap_conn_param_update             0x00006a71   Thumb Code    56  app_mw_ble_gap.o(i.sd_ble_gap_conn_param_update)
    sd_ble_gap_device_name_get               0x00006aad   Thumb Code    62  app_mw_ble_gap.o(i.sd_ble_gap_device_name_get)
    sd_ble_gap_device_name_set               0x00006af5   Thumb Code    62  app_mw_ble_gap.o(i.sd_ble_gap_device_name_set)
    sd_ble_gap_disconnect                    0x00006b39   Thumb Code    56  app_mw_ble_gap.o(i.sd_ble_gap_disconnect)
    sd_ble_gap_ppcp_get                      0x00006b75   Thumb Code    56  app_mw_ble_gap.o(i.sd_ble_gap_ppcp_get)
    sd_ble_gap_ppcp_set                      0x00006bb5   Thumb Code    52  app_mw_ble_gap.o(i.sd_ble_gap_ppcp_set)
    sd_ble_gap_sec_params_reply              0x00006bed   Thumb Code   116  app_mw_ble_gap.o(i.sd_ble_gap_sec_params_reply)
    sd_ble_gatts_characteristic_add          0x00006c6d   Thumb Code    78  app_mw_ble_gatts.o(i.sd_ble_gatts_characteristic_add)
    sd_ble_gatts_hvx                         0x00006cc5   Thumb Code    68  app_mw_ble_gatts.o(i.sd_ble_gatts_hvx)
    sd_ble_gatts_service_add                 0x00006d11   Thumb Code    66  app_mw_ble_gatts.o(i.sd_ble_gatts_service_add)
    sd_ble_gatts_sys_attr_set                0x00006d5d   Thumb Code    74  app_mw_ble_gatts.o(i.sd_ble_gatts_sys_attr_set)
    sd_ble_uuid_encode                       0x00006dad   Thumb Code    64  app_mw_ble.o(i.sd_ble_uuid_encode)
    sd_ble_uuid_vs_add                       0x00006df5   Thumb Code    56  app_mw_ble.o(i.sd_ble_uuid_vs_add)
    sd_check_ram_start                       0x00006e35   Thumb Code    44  softdevice_handler.o(i.sd_check_ram_start)
    sd_evt_get                               0x00006ec1   Thumb Code    18  ser_softdevice_handler.o(i.sd_evt_get)
    sd_softdevice_enable                     0x00006ed9   Thumb Code    80  ser_softdevice_handler.o(i.sd_softdevice_enable)
    ser_app_hal_delay                        0x00006f3d   Thumb Code     4  ser_app_hal_nrf51.o(i.ser_app_hal_delay)
    ser_app_hal_hw_init                      0x00006f41   Thumb Code    44  ser_app_hal_nrf51.o(i.ser_app_hal_hw_init)
    ser_app_hal_nrf_evt_irq_priority_set     0x00006f79   Thumb Code    10  ser_app_hal_nrf51.o(i.ser_app_hal_nrf_evt_irq_priority_set)
    ser_app_hal_nrf_evt_pending              0x00006f89   Thumb Code    14  ser_app_hal_nrf51.o(i.ser_app_hal_nrf_evt_pending)
    ser_app_hal_nrf_reset_pin_clear          0x00006f99   Thumb Code    10  ser_app_hal_nrf51.o(i.ser_app_hal_nrf_reset_pin_clear)
    ser_app_hal_nrf_reset_pin_set            0x00006fa9   Thumb Code    10  ser_app_hal_nrf51.o(i.ser_app_hal_nrf_reset_pin_set)
    ser_app_power_system_off_enter           0x00006fb9   Thumb Code     8  ser_app_power_system_off.o(i.ser_app_power_system_off_enter)
    ser_app_power_system_off_get             0x00006fc5   Thumb Code     6  ser_app_power_system_off.o(i.ser_app_power_system_off_get)
    ser_ble_cmd_rsp_dec                      0x00006fd1   Thumb Code    38  ble_serialization.o(i.ser_ble_cmd_rsp_dec)
    ser_ble_cmd_rsp_result_code_dec          0x00006ff7   Thumb Code    58  ble_serialization.o(i.ser_ble_cmd_rsp_result_code_dec)
    ser_ble_gatts_char_pf_enc                0x00007031   Thumb Code    88  ble_gatts_struct_serialization.o(i.ser_ble_gatts_char_pf_enc)
    ser_hal_transport_open                   0x00007089   Thumb Code    56  ser_hal_transport.o(i.ser_hal_transport_open)
    ser_hal_transport_rx_pkt_free            0x000070c9   Thumb Code    80  ser_hal_transport.o(i.ser_hal_transport_rx_pkt_free)
    ser_hal_transport_tx_pkt_alloc           0x00007121   Thumb Code    50  ser_hal_transport.o(i.ser_hal_transport_tx_pkt_alloc)
    ser_hal_transport_tx_pkt_free            0x0000715d   Thumb Code    44  ser_hal_transport.o(i.ser_hal_transport_tx_pkt_free)
    ser_hal_transport_tx_pkt_send            0x00007191   Thumb Code    86  ser_hal_transport.o(i.ser_hal_transport_tx_pkt_send)
    ser_phy_interrupts_disable               0x000071f1   Thumb Code    12  ser_phy_nrf51_uart.o(i.ser_phy_interrupts_disable)
    ser_phy_interrupts_enable                0x000071fd   Thumb Code    12  ser_phy_nrf51_uart.o(i.ser_phy_interrupts_enable)
    ser_phy_open                             0x00007209   Thumb Code    42  ser_phy_nrf51_uart.o(i.ser_phy_open)
    ser_phy_rx_buf_set                       0x00007241   Thumb Code    36  ser_phy_nrf51_uart.o(i.ser_phy_rx_buf_set)
    ser_phy_tx_pkt_send                      0x00007271   Thumb Code    56  ser_phy_nrf51_uart.o(i.ser_phy_tx_pkt_send)
    ser_sd_transport_cmd_write               0x00007435   Thumb Code    58  ser_sd_transport.o(i.ser_sd_transport_cmd_write)
    ser_sd_transport_is_busy                 0x000074cd   Thumb Code     6  ser_sd_transport.o(i.ser_sd_transport_is_busy)
    ser_sd_transport_open                    0x000074d9   Thumb Code    34  ser_sd_transport.o(i.ser_sd_transport_open)
    ser_sd_transport_rx_free                 0x00007505   Thumb Code     6  ser_sd_transport.o(i.ser_sd_transport_rx_free)
    ser_sd_transport_tx_alloc                0x00007571   Thumb Code    14  ser_sd_transport.o(i.ser_sd_transport_tx_alloc)
    ser_softdevice_flash_operation_success_evt 0x000075c5   Thumb Code    32  ser_softdevice_handler.o(i.ser_softdevice_flash_operation_success_evt)
    softdevice_ble_evt_handler_set           0x00007671   Thumb Code    14  softdevice_handler.o(i.softdevice_ble_evt_handler_set)
    softdevice_enable                        0x00007685   Thumb Code    86  softdevice_handler.o(i.softdevice_enable)
    softdevice_enable_get_default_config     0x00007785   Thumb Code    38  softdevice_handler.o(i.softdevice_enable_get_default_config)
    softdevice_fault_handler                 0x000077ab   Thumb Code     4  softdevice_handler.o(i.softdevice_fault_handler)
    softdevice_handler_init                  0x000077b1   Thumb Code    76  softdevice_handler.o(i.softdevice_handler_init)
    uart_event_handler                       0x000079f5   Thumb Code    84  app_uart.o(i.uart_event_handler)
    uint16_dec                               0x00007c2d   Thumb Code    24  ble_serialization.o(i.uint16_dec)
    uint16_t_dec                             0x00007c6d   Thumb Code    30  ble_serialization.o(i.uint16_t_dec)
    uint16_t_enc                             0x00007c8b   Thumb Code    34  ble_serialization.o(i.uint16_t_enc)
    uint32_t_enc                             0x00007cbf   Thumb Code    44  ble_serialization.o(i.uint32_t_enc)
    uint8_dec                                0x00007ceb   Thumb Code    22  ble_serialization.o(i.uint8_dec)
    uint8_t_dec                              0x00007d01   Thumb Code    26  ble_serialization.o(i.uint8_t_dec)
    uint8_t_enc                              0x00007d1b   Thumb Code    26  ble_serialization.o(i.uint8_t_enc)
    uint8_vector_dec                         0x00007d35   Thumb Code    44  ble_serialization.o(i.uint8_vector_dec)
    sd_ble_evt_mailbox                       0x00007fc4   Data          12  ser_softdevice_handler.o(.constdata)
    sd_soc_evt_mailbox                       0x00007fd0   Data          12  ser_softdevice_handler.o(.constdata)
    Region$$Table$$Base                      0x00007fdc   Number         0  anon$$obj.o(Region$$Table)
    Region$$Table$$Limit                     0x00007ffc   Number         0  anon$$obj.o(Region$$Table)
    Image$$RW_IRAM1$$Base                    0x20002080   Number         0  anon$$obj.o ABSOLUTE
    SystemCoreClock                          0x20002164   Data           4  system_nrf52.o(.data)
    _SEGGER_RTT                              0x20002c94   Data         120  segger_rtt.o(.bss)
    m_app_keys_table                         0x20002d0c   Data          72  app_ble_gap_sec_keys.o(.bss)
    m_app_user_mem_table                     0x20002d54   Data          96  app_ble_user_mem.o(.bss)
    __initial_sp                             0x20005288   Data           0  arm_startup_nrf52.o(STACK)



==============================================================================

Memory Map of the image

  Image Entry point : 0x00000401

  Load Region LR_IROM1 (Base: 0x00000000, Size: 0x000080e4, Max: 0x00080000, ABSOLUTE)

    Execution Region ER_IROM1 (Base: 0x00000000, Size: 0x00007ffc, Max: 0x00080000, ABSOLUTE)

    Base Addr    Size         Type   Attr      Idx    E Section Name        Object

    0x00000000   0x00000400   Data   RO         7803    RESET               arm_startup_nrf52.o
    0x00000400   0x00000000   Code   RO         7844  * .ARM.Collect$$$$00000000  mc_w.l(entry.o)
    0x00000400   0x00000004   Code   RO         7864    .ARM.Collect$$$$00000001  mc_w.l(entry2.o)
    0x00000404   0x00000004   Code   RO         7867    .ARM.Collect$$$$00000004  mc_w.l(entry5.o)
    0x00000408   0x00000000   Code   RO         7869    .ARM.Collect$$$$00000008  mc_w.l(entry7b.o)
    0x00000408   0x00000000   Code   RO         7871    .ARM.Collect$$$$0000000A  mc_w.l(entry8b.o)
    0x00000408   0x00000008   Code   RO         7872    .ARM.Collect$$$$0000000B  mc_w.l(entry9a.o)
    0x00000410   0x00000000   Code   RO         7874    .ARM.Collect$$$$0000000D  mc_w.l(entry10a.o)
    0x00000410   0x00000000   Code   RO         7876    .ARM.Collect$$$$0000000F  mc_w.l(entry11a.o)
    0x00000410   0x00000004   Code   RO         7865    .ARM.Collect$$$$00002712  mc_w.l(entry2.o)
    0x00000414   0x00000076   Code   RO          726    .emb_text           nrf_delay.o
    0x0000048a   0x00000002   PAD
    0x0000048c   0x00000076   Code   RO         1536    .emb_text           app_timer.o
    0x00000502   0x00000002   PAD
    0x00000504   0x00000024   Code   RO         7804    .text               arm_startup_nrf52.o
    0x00000528   0x00000024   Code   RO         7852    .text               mc_w.l(memcpya.o)
    0x0000054c   0x00000024   Code   RO         7854    .text               mc_w.l(memseta.o)
    0x00000570   0x00000012   Code   RO         7860    .text               mc_w.l(strcpy.o)
    0x00000582   0x00000002   PAD
    0x00000584   0x00000024   Code   RO         7880    .text               mc_w.l(init.o)
    0x000005a8   0x00000148   Code   RO          799    i.GPIOTE_IRQHandler  nrf_drv_gpiote.o
    0x000006f0   0x00000016   Code   RO         1537    i.NVIC_ClearPendingIRQ  app_timer.o
    0x00000706   0x00000016   Code   RO         1538    i.NVIC_EnableIRQ    app_timer.o
    0x0000071c   0x00000016   Code   RO         1539    i.NVIC_SetPendingIRQ  app_timer.o
    0x00000732   0x00000020   Code   RO         1540    i.NVIC_SetPriority  app_timer.o
    0x00000752   0x00000002   PAD
    0x00000754   0x00000024   Code   RO         1541    i.RTC1_IRQHandler   app_timer.o
    0x00000778   0x00000050   Code   RO         1935    i.SEGGER_RTT_ConfigDownBuffer  segger_rtt.o
    0x000007c8   0x00000050   Code   RO         1936    i.SEGGER_RTT_ConfigUpBuffer  segger_rtt.o
    0x00000818   0x00000024   Code   RO         1948    i.SEGGER_RTT_Write  segger_rtt.o
    0x0000083c   0x0000005c   Code   RO         1949    i.SEGGER_RTT_WriteNoLock  segger_rtt.o
    0x00000898   0x00000196   Code   RO         2074    i.SEGGER_RTT_vprintf  segger_rtt_printf.o
    0x00000a2e   0x00000004   Code   RO         1542    i.SWI0_EGU0_IRQHandler  app_timer.o
    0x00000a32   0x00000002   PAD
    0x00000a34   0x00000024   Code   RO         7703    i.SWI2_EGU2_IRQHandler  softdevice_handler.o
    0x00000a58   0x0000026c   Code   RO         7812    i.SystemInit        system_nrf52.o
    0x00000cc4   0x00000014   Code   RO          998    i.UARTE0_UART0_IRQHandler  nrf_drv_uart.o
    0x00000cd8   0x00000068   Code   RO         1952    i._DoInit           segger_rtt.o
    0x00000d40   0x00000016   Code   RO         1953    i._GetAvailWriteSpace  segger_rtt.o
    0x00000d56   0x00000002   PAD
    0x00000d58   0x000000c6   Code   RO         2075    i._PrintInt         segger_rtt_printf.o
    0x00000e1e   0x00000002   PAD
    0x00000e20   0x000000d4   Code   RO         2076    i._PrintUnsigned    segger_rtt_printf.o
    0x00000ef4   0x0000003e   Code   RO         2077    i._StoreChar        segger_rtt_printf.o
    0x00000f32   0x0000005a   Code   RO         1955    i._WriteBlocking    segger_rtt.o
    0x00000f8c   0x0000003e   Code   RO         1956    i._WriteNoCheck     segger_rtt.o
    0x00000fca   0x0000000e   Code   RO         7884    i.__scatterload_copy  mc_w.l(handlers.o)
    0x00000fd8   0x00000002   Code   RO         7885    i.__scatterload_null  mc_w.l(handlers.o)
    0x00000fda   0x0000000e   Code   RO         7886    i.__scatterload_zeroinit  mc_w.l(handlers.o)
    0x00000fe8   0x00000202   Code   RO          364    i.adv_data_encode   ble_advdata.o
    0x000011ea   0x00000002   PAD
    0x000011ec   0x00000044   Code   RO            4    i.advertising_start  main.o
    0x00001230   0x0000003c   Code   RO         2107    i.app_ble_gap_sec_context_create  app_ble_gap_sec_keys.o
    0x0000126c   0x00000034   Code   RO         2108    i.app_ble_gap_sec_context_destroy  app_ble_gap_sec_keys.o
    0x000012a0   0x00000034   Code   RO         2109    i.app_ble_gap_sec_context_find  app_ble_gap_sec_keys.o
    0x000012d4   0x00000034   Code   RO         2141    i.app_ble_user_mem_context_destroy  app_ble_user_mem.o
    0x00001308   0x00000034   Code   RO         2142    i.app_ble_user_mem_context_find  app_ble_user_mem.o
    0x0000133c   0x00000030   Code   RO         1280    i.app_button_disable  app_button.o
    0x0000136c   0x00000024   Code   RO         1281    i.app_button_enable  app_button.o
    0x00001390   0x00000070   Code   RO         1282    i.app_button_init   app_button.o
    0x00001400   0x00000024   Code   RO         1382    i.app_error_fault_handler  app_error_weak.o
    0x00001424   0x00000016   Code   RO         1343    i.app_error_handler_bare  app_error.o
    0x0000143a   0x00000016   Code   RO         1410    i.app_mailbox_create  app_mailbox.o
    0x00001450   0x0000000a   Code   RO         1411    i.app_mailbox_get   app_mailbox.o
    0x0000145a   0x00000006   Code   RO         1414    i.app_mailbox_put   app_mailbox.o
    0x00001460   0x0000004e   Code   RO         1415    i.app_mailbox_sized_get  app_mailbox.o
    0x000014ae   0x00000064   Code   RO         1416    i.app_mailbox_sized_put  app_mailbox.o
    0x00001512   0x00000002   PAD
    0x00001514   0x00000024   Code   RO         1545    i.app_timer_create  app_timer.o
    0x00001538   0x00000090   Code   RO         1546    i.app_timer_init    app_timer.o
    0x000015c8   0x00000080   Code   RO         1547    i.app_timer_start   app_timer.o
    0x00001648   0x00000050   Code   RO         1548    i.app_timer_stop    app_timer.o
    0x00001698   0x00000084   Code   RO          645    i.app_uart_init     app_uart.o
    0x0000171c   0x00000024   Code   RO          646    i.app_uart_put      app_uart.o
    0x00001740   0x00000004   Code   RO         1697    i.app_util_critical_region_enter  app_util_platform.o
    0x00001744   0x00000004   Code   RO         1698    i.app_util_critical_region_exit  app_util_platform.o
    0x00001748   0x00000010   Code   RO         1699    i.app_util_disable_irq  app_util_platform.o
    0x00001758   0x00000014   Code   RO         1700    i.app_util_enable_irq  app_util_platform.o
    0x0000176c   0x00000078   Code   RO          999    i.apply_config      nrf_drv_uart.o
    0x000017e4   0x0000006a   Code   RO          365    i.ble_advdata_set   ble_advdata.o
    0x0000184e   0x00000002   PAD
    0x00001850   0x00000034   Code   RO         6752    i.ble_common_enable_params_t_enc  ble_struct_serialization.o
    0x00001884   0x00000040   Code   RO         6758    i.ble_conn_bw_count_t_enc  ble_struct_serialization.o
    0x000018c4   0x00000030   Code   RO         6760    i.ble_conn_bw_counts_t_enc  ble_struct_serialization.o
    0x000018f4   0x0000005c   Code   RO          471    i.ble_conn_params_init  ble_conn_params.o
    0x00001950   0x00000084   Code   RO          472    i.ble_conn_params_on_ble_evt  ble_conn_params.o
    0x000019d4   0x00000060   Code   RO          366    i.ble_device_addr_encode  ble_advdata.o
    0x00001a34   0x00000044   Code   RO         6764    i.ble_enable_params_t_enc  ble_struct_serialization.o
    0x00001a78   0x0000003c   Code   RO         3118    i.ble_enable_req_enc  ble_enable.o
    0x00001ab4   0x00000008   Code   RO         3119    i.ble_enable_rsp_dec  ble_enable.o
    0x00001abc   0x00000236   Code   RO         3160    i.ble_event_dec     ble_event.o
    0x00001cf2   0x00000002   PAD
    0x00001cf4   0x00000020   Code   RO            6    i.ble_evt_dispatch  main.o
    0x00001d14   0x00000064   Code   RO         3196    i.ble_evt_tx_complete_dec  ble_evt_tx_complete.o
    0x00001d78   0x000000b8   Code   RO         3211    i.ble_evt_user_mem_release_dec  ble_evt_user_mem_release.o
    0x00001e30   0x0000005a   Code   RO         3236    i.ble_evt_user_mem_request_dec  ble_evt_user_mem_request.o
    0x00001e8a   0x00000030   Code   RO         4499    i.ble_gap_addr_dec  ble_gap_struct_serialization.o
    0x00001eba   0x00000030   Code   RO         4500    i.ble_gap_addr_enc  ble_gap_struct_serialization.o
    0x00001eea   0x00000024   Code   RO         3260    i.ble_gap_address_get_req_enc  ble_gap_address_get.o
    0x00001f0e   0x00000066   Code   RO         3261    i.ble_gap_address_get_rsp_dec  ble_gap_address_get.o
    0x00001f74   0x00000080   Code   RO         3290    i.ble_gap_address_set_req_enc  ble_gap_address_set.o
    0x00001ff4   0x00000008   Code   RO         3291    i.ble_gap_address_set_rsp_dec  ble_gap_address_set.o
    0x00001ffc   0x0000002a   Code   RO         4502    i.ble_gap_adv_ch_mask_t_enc  ble_gap_struct_serialization.o
    0x00002026   0x00000060   Code   RO         3317    i.ble_gap_adv_data_set_req_enc  ble_gap_adv_data_set.o
    0x00002086   0x00000008   Code   RO         3318    i.ble_gap_adv_data_set_rsp_dec  ble_gap_adv_data_set.o
    0x0000208e   0x00000002   PAD
    0x00002090   0x000000cc   Code   RO         3338    i.ble_gap_adv_start_req_enc  ble_gap_adv_start.o
    0x0000215c   0x00000008   Code   RO         3339    i.ble_gap_adv_start_rsp_dec  ble_gap_adv_start.o
    0x00002164   0x00000024   Code   RO         3389    i.ble_gap_appearance_get_req_enc  ble_gap_appearance_get.o
    0x00002188   0x00000056   Code   RO         3390    i.ble_gap_appearance_get_rsp_dec  ble_gap_appearance_get.o
    0x000021de   0x0000007a   Code   RO         3509    i.ble_gap_conn_param_update_req_enc  ble_gap_conn_param_update.o
    0x00002258   0x00000008   Code   RO         3510    i.ble_gap_conn_param_update_rsp_dec  ble_gap_conn_param_update.o
    0x00002260   0x00000060   Code   RO         4503    i.ble_gap_conn_params_t_dec  ble_gap_struct_serialization.o
    0x000022c0   0x0000001a   Code   RO         4506    i.ble_gap_conn_sec_mode_enc  ble_gap_struct_serialization.o
    0x000022da   0x00000056   Code   RO         3610    i.ble_gap_device_name_get_req_enc  ble_gap_device_name_get.o
    0x00002330   0x00000058   Code   RO         3611    i.ble_gap_device_name_get_rsp_dec  ble_gap_device_name_get.o
    0x00002388   0x00000086   Code   RO         3640    i.ble_gap_device_name_set_req_enc  ble_gap_device_name_set.o
    0x0000240e   0x00000008   Code   RO         3641    i.ble_gap_device_name_set_rsp_dec  ble_gap_device_name_set.o
    0x00002416   0x00000028   Code   RO         3670    i.ble_gap_disconnect_req_enc  ble_gap_disconnect.o
    0x0000243e   0x00000008   Code   RO         3671    i.ble_gap_disconnect_rsp_dec  ble_gap_disconnect.o
    0x00002446   0x0000003e   Code   RO         4510    i.ble_gap_enable_params_t_enc  ble_gap_struct_serialization.o
    0x00002484   0x0000005a   Code   RO         4511    i.ble_gap_enc_info_dec  ble_gap_struct_serialization.o
    0x000024de   0x00000048   Code   RO         4512    i.ble_gap_enc_info_enc  ble_gap_struct_serialization.o
    0x00002526   0x00000030   Code   RO         4513    i.ble_gap_enc_key_t_dec  ble_gap_struct_serialization.o
    0x00002556   0x00000030   Code   RO         4514    i.ble_gap_enc_key_t_enc  ble_gap_struct_serialization.o
    0x00002586   0x000000bc   Code   RO         3730    i.ble_gap_evt_adv_report_dec  ble_gap_evt_adv_report.o
    0x00002642   0x00000064   Code   RO         3754    i.ble_gap_evt_auth_key_request_dec  ble_gap_evt_auth_key_request.o
    0x000026a6   0x00000002   PAD
    0x000026a8   0x000000a4   Code   RO         3778    i.ble_gap_evt_auth_status_dec  ble_gap_evt_auth_status.o
    0x0000274c   0x00000088   Code   RO         4515    i.ble_gap_evt_auth_status_t_dec  ble_gap_struct_serialization.o
    0x000027d4   0x0000008e   Code   RO         3803    i.ble_gap_evt_conn_param_update_dec  ble_gap_evt_conn_param_update.o
    0x00002862   0x0000008e   Code   RO         3827    i.ble_gap_evt_conn_param_update_request_dec  ble_gap_evt_conn_param_update_request.o
    0x000028f0   0x00000080   Code   RO         3851    i.ble_gap_evt_conn_sec_update_dec  ble_gap_evt_conn_sec_update.o
    0x00002970   0x00000062   Code   RO         3875    i.ble_gap_evt_connected_dec  ble_gap_evt_connected.o
    0x000029d2   0x0000006e   Code   RO         4523    i.ble_gap_evt_connected_t_dec  ble_gap_struct_serialization.o
    0x00002a40   0x00000064   Code   RO         3899    i.ble_gap_evt_disconnected_dec  ble_gap_evt_disconnected.o
    0x00002aa4   0x00000062   Code   RO         3923    i.ble_gap_evt_key_pressed_dec  ble_gap_evt_key_pressed.o
    0x00002b06   0x00000002   PAD
    0x00002b08   0x000000ac   Code   RO         3947    i.ble_gap_evt_lesc_dhkey_request_dec  ble_gap_evt_lesc_dhkey_request.o
    0x00002bb4   0x0000007e   Code   RO         3972    i.ble_gap_evt_passkey_display_dec  ble_gap_evt_passkey_display.o
    0x00002c32   0x00000064   Code   RO         3996    i.ble_gap_evt_rssi_changed_dec  ble_gap_evt_rssi_changed.o
    0x00002c96   0x00000078   Code   RO         4020    i.ble_gap_evt_scan_req_report_dec  ble_gap_evt_scan_req_report.o
    0x00002d0e   0x00000068   Code   RO         4044    i.ble_gap_evt_sec_info_request_dec  ble_gap_evt_sec_info_request.o
    0x00002d76   0x0000004e   Code   RO         4527    i.ble_gap_evt_sec_info_request_t_dec  ble_gap_struct_serialization.o
    0x00002dc4   0x0000006c   Code   RO         4068    i.ble_gap_evt_sec_params_request_dec  ble_gap_evt_sec_params_request.o
    0x00002e30   0x00000004   Code   RO         4529    i.ble_gap_evt_sec_params_request_t_dec  ble_gap_struct_serialization.o
    0x00002e34   0x00000064   Code   RO         4092    i.ble_gap_evt_sec_request_dec  ble_gap_evt_sec_request.o
    0x00002e98   0x0000004e   Code   RO         4531    i.ble_gap_evt_sec_request_t_dec  ble_gap_struct_serialization.o
    0x00002ee6   0x00000068   Code   RO         4116    i.ble_gap_evt_timeout_dec  ble_gap_evt_timeout.o
    0x00002f4e   0x00000030   Code   RO         4533    i.ble_gap_id_key_t_dec  ble_gap_struct_serialization.o
    0x00002f7e   0x00000030   Code   RO         4534    i.ble_gap_id_key_t_enc  ble_gap_struct_serialization.o
    0x00002fae   0x00000026   Code   RO         4535    i.ble_gap_irk_dec   ble_gap_struct_serialization.o
    0x00002fd4   0x00000026   Code   RO         4536    i.ble_gap_irk_enc   ble_gap_struct_serialization.o
    0x00002ffa   0x00000026   Code   RO         4541    i.ble_gap_lesc_p256_pk_t_dec  ble_gap_struct_serialization.o
    0x00003020   0x00000026   Code   RO         4542    i.ble_gap_lesc_p256_pk_t_enc  ble_gap_struct_serialization.o
    0x00003046   0x00000036   Code   RO         4543    i.ble_gap_master_id_t_dec  ble_gap_struct_serialization.o
    0x0000307c   0x00000036   Code   RO         4544    i.ble_gap_master_id_t_enc  ble_gap_struct_serialization.o
    0x000030b2   0x00000024   Code   RO         4257    i.ble_gap_ppcp_get_req_enc  ble_gap_ppcp_get.o
    0x000030d6   0x00000078   Code   RO         4258    i.ble_gap_ppcp_get_rsp_dec  ble_gap_ppcp_get.o
    0x0000314e   0x0000006e   Code   RO         4278    i.ble_gap_ppcp_set_req_enc  ble_gap_ppcp_set.o
    0x000031bc   0x00000008   Code   RO         4279    i.ble_gap_ppcp_set_rsp_dec  ble_gap_ppcp_set.o
    0x000031c4   0x0000004e   Code   RO         4559    i.ble_gap_sec_kdist_t_dec  ble_gap_struct_serialization.o
    0x00003212   0x00000052   Code   RO         4560    i.ble_gap_sec_kdist_t_enc  ble_gap_struct_serialization.o
    0x00003264   0x00000068   Code   RO         4561    i.ble_gap_sec_keys_dec  ble_gap_struct_serialization.o
    0x000032cc   0x00000064   Code   RO         4562    i.ble_gap_sec_keys_enc  ble_gap_struct_serialization.o
    0x00003330   0x00000030   Code   RO         4563    i.ble_gap_sec_keyset_t_dec  ble_gap_struct_serialization.o
    0x00003360   0x00000030   Code   RO         4564    i.ble_gap_sec_keyset_t_enc  ble_gap_struct_serialization.o
    0x00003390   0x00000038   Code   RO         4565    i.ble_gap_sec_levels_dec  ble_gap_struct_serialization.o
    0x000033c8   0x00000090   Code   RO         4469    i.ble_gap_sec_params_reply_req_enc  ble_gap_sec_params_reply.o
    0x00003458   0x00000060   Code   RO         4470    i.ble_gap_sec_params_reply_rsp_dec  ble_gap_sec_params_reply.o
    0x000034b8   0x0000009a   Code   RO         4567    i.ble_gap_sec_params_t_dec  ble_gap_struct_serialization.o
    0x00003552   0x00000084   Code   RO         4568    i.ble_gap_sec_params_t_enc  ble_gap_struct_serialization.o
    0x000035d6   0x00000026   Code   RO         4569    i.ble_gap_sign_info_dec  ble_gap_struct_serialization.o
    0x000035fc   0x00000026   Code   RO         4570    i.ble_gap_sign_info_enc  ble_gap_struct_serialization.o
    0x00003622   0x00000002   PAD
    0x00003624   0x000000ac   Code   RO         4572    i.ble_gap_whitelist_t_enc  ble_gap_struct_serialization.o
    0x000036d0   0x00000030   Code   RO         5514    i.ble_gattc_attr_info_t_128_dec  ble_gattc_struct_serialization.o
    0x00003700   0x00000030   Code   RO         5516    i.ble_gattc_attr_info_t_16_dec  ble_gattc_struct_serialization.o
    0x00003730   0x000000a4   Code   RO         5130    i.ble_gattc_evt_attr_info_disc_rsp_dec  ble_gattc_evt_attr_info_disc_rsp.o
    0x000037d4   0x00000088   Code   RO         5518    i.ble_gattc_evt_attr_info_disc_rsp_t_dec  ble_gattc_struct_serialization.o
    0x0000385c   0x00000184   Code   RO         5154    i.ble_gattc_evt_char_disc_rsp_dec  ble_gattc_evt_char_disc_rsp.o
    0x000039e0   0x000000a2   Code   RO         5178    i.ble_gattc_evt_char_val_by_uuid_read_rsp_dec  ble_gattc_evt_char_val_by_uuid_read_rsp.o
    0x00003a82   0x00000002   PAD
    0x00003a84   0x000000cc   Code   RO         5520    i.ble_gattc_evt_char_val_by_uuid_read_rsp_t_dec  ble_gattc_struct_serialization.o
    0x00003b50   0x00000074   Code   RO         5202    i.ble_gattc_evt_char_vals_read_rsp_dec  ble_gattc_evt_char_vals_read_rsp.o
    0x00003bc4   0x00000042   Code   RO         5522    i.ble_gattc_evt_char_vals_read_rsp_t_dec  ble_gattc_struct_serialization.o
    0x00003c06   0x000000f2   Code   RO         5226    i.ble_gattc_evt_desc_disc_rsp_dec  ble_gattc_evt_desc_disc_rsp.o
    0x00003cf8   0x000000be   Code   RO         5250    i.ble_gattc_evt_hvx_dec  ble_gattc_evt_hvx.o
    0x00003db6   0x00000002   PAD
    0x00003db8   0x00000102   Code   RO         5274    i.ble_gattc_evt_prim_srvc_disc_rsp_dec  ble_gattc_evt_prim_srvc_disc_rsp.o
    0x00003eba   0x000000be   Code   RO         5298    i.ble_gattc_evt_read_rsp_dec  ble_gattc_evt_read_rsp.o
    0x00003f78   0x0000008a   Code   RO         5322    i.ble_gattc_evt_rel_disc_rsp_dec  ble_gattc_evt_rel_disc_rsp.o
    0x00004002   0x00000042   Code   RO         5524    i.ble_gattc_evt_rel_disc_rsp_t_dec  ble_gattc_struct_serialization.o
    0x00004044   0x00000064   Code   RO         5346    i.ble_gattc_evt_timeout_dec  ble_gattc_evt_timeout.o
    0x000040a8   0x000000cc   Code   RO         5370    i.ble_gattc_evt_write_rsp_dec  ble_gattc_evt_write_rsp.o
    0x00004174   0x00000032   Code   RO         5526    i.ble_gattc_handle_range_t_dec  ble_gattc_struct_serialization.o
    0x000041a6   0x00000028   Code   RO         5528    i.ble_gattc_include_t_dec  ble_gattc_struct_serialization.o
    0x000041ce   0x00000028   Code   RO         5530    i.ble_gattc_service_t_dec  ble_gattc_struct_serialization.o
    0x000041f6   0x00000002   PAD
    0x000041f8   0x00000074   Code   RO         6112    i.ble_gatts_attr_enc  ble_gatts_struct_serialization.o
    0x0000426c   0x0000005e   Code   RO         6114    i.ble_gatts_attr_md_enc  ble_gatts_struct_serialization.o
    0x000042ca   0x00000048   Code   RO         6117    i.ble_gatts_char_handles_dec  ble_gatts_struct_serialization.o
    0x00004312   0x00000002   PAD
    0x00004314   0x000000f4   Code   RO         6120    i.ble_gatts_char_md_enc  ble_gatts_struct_serialization.o
    0x00004408   0x00000094   Code   RO         5720    i.ble_gatts_characteristic_add_req_enc  ble_gatts_characteristic_add.o
    0x0000449c   0x0000005c   Code   RO         5721    i.ble_gatts_characteristic_add_rsp_dec  ble_gatts_characteristic_add.o
    0x000044f8   0x00000032   Code   RO         6122    i.ble_gatts_enable_params_t_enc  ble_gatts_struct_serialization.o
    0x0000452a   0x00000062   Code   RO         5780    i.ble_gatts_evt_hvc_dec  ble_gatts_evt_hvc.o
    0x0000458c   0x0000006e   Code   RO         6123    i.ble_gatts_evt_read_t_dec  ble_gatts_struct_serialization.o
    0x000045fa   0x00000002   PAD
    0x000045fc   0x000000b8   Code   RO         5804    i.ble_gatts_evt_rw_authorize_request_dec  ble_gatts_evt_rw_authorize_request.o
    0x000046b4   0x0000008a   Code   RO         6125    i.ble_gatts_evt_rw_authorize_request_t_dec  ble_gatts_struct_serialization.o
    0x0000473e   0x0000004a   Code   RO         5829    i.ble_gatts_evt_sc_confirm_dec  ble_gatts_evt_sc_confirm.o
    0x00004788   0x00000062   Code   RO         5853    i.ble_gatts_evt_sys_attr_missing_dec  ble_gatts_evt_sys_attr_missing.o
    0x000047ea   0x00000062   Code   RO         5877    i.ble_gatts_evt_timeout_dec  ble_gatts_evt_timeout.o
    0x0000484c   0x000000ac   Code   RO         5901    i.ble_gatts_evt_write_dec  ble_gatts_evt_write.o
    0x000048f8   0x000000e2   Code   RO         6127    i.ble_gatts_evt_write_t_dec  ble_gatts_struct_serialization.o
    0x000049da   0x000000e6   Code   RO         5926    i.ble_gatts_hvx_req_enc  ble_gatts_hvx.o
    0x00004ac0   0x00000058   Code   RO         5927    i.ble_gatts_hvx_rsp_dec  ble_gatts_hvx.o
    0x00004b18   0x00000062   Code   RO         6051    i.ble_gatts_service_add_req_enc  ble_gatts_service_add.o
    0x00004b7a   0x0000005a   Code   RO         6052    i.ble_gatts_service_add_rsp_dec  ble_gatts_service_add.o
    0x00004bd4   0x00000092   Code   RO         6315    i.ble_gatts_sys_attr_set_req_enc  ble_gatts_sys_attr_set.o
    0x00004c66   0x00000008   Code   RO         6316    i.ble_gatts_sys_attr_set_rsp_dec  ble_gatts_sys_attr_set.o
    0x00004c6e   0x0000006e   Code   RO         6465    i.ble_l2cap_evt_rx_dec  ble_l2cap_evt_rx.o
    0x00004cdc   0x00000080   Code   RO         6765    i.ble_l2cap_evt_rx_t_dec  ble_struct_serialization.o
    0x00004d5c   0x00000030   Code   RO         6767    i.ble_l2cap_header_t_dec  ble_struct_serialization.o
    0x00004d8c   0x00000060   Code   RO          545    i.ble_lbs_init      ble_lbs.o
    0x00004dec   0x00000034   Code   RO          546    i.ble_lbs_on_ble_evt  ble_lbs.o
    0x00004e20   0x00000032   Code   RO          547    i.ble_lbs_on_button_change  ble_lbs.o
    0x00004e52   0x00000002   PAD
    0x00004e54   0x00000080   Code   RO            7    i.ble_stack_init    main.o
    0x00004ed4   0x00000028   Code   RO         6771    i.ble_uuid128_t_dec  ble_struct_serialization.o
    0x00004efc   0x00000028   Code   RO         6772    i.ble_uuid128_t_enc  ble_struct_serialization.o
    0x00004f24   0x0000006c   Code   RO         7003    i.ble_uuid_encode_req_enc  ble_uuid_encode.o
    0x00004f90   0x0000006c   Code   RO         7004    i.ble_uuid_encode_rsp_dec  ble_uuid_encode.o
    0x00004ffc   0x00000030   Code   RO         6773    i.ble_uuid_t_dec    ble_struct_serialization.o
    0x0000502c   0x00000028   Code   RO         6774    i.ble_uuid_t_enc    ble_struct_serialization.o
    0x00005054   0x00000064   Code   RO         7033    i.ble_uuid_vs_add_req_enc  ble_uuid_vs_add.o
    0x000050b8   0x00000060   Code   RO         7034    i.ble_uuid_vs_add_rsp_dec  ble_uuid_vs_add.o
    0x00005118   0x00000064   Code   RO         6579    i.buf_dec           ble_serialization.o
    0x0000517c   0x00000050   Code   RO         6580    i.buf_enc           ble_serialization.o
    0x000051cc   0x000000d4   Code   RO          548    i.button_char_add   ble_lbs.o
    0x000052a0   0x0000002c   Code   RO            8    i.button_event_handler  main.o
    0x000052cc   0x00000010   Code   RO         7427    i.callback_ser_phy_event  ser_phy_nrf51_uart.o
    0x000052dc   0x0000001c   Code   RO          800    i.channel_free      nrf_drv_gpiote.o
    0x000052f8   0x00000048   Code   RO          801    i.channel_port_alloc  nrf_drv_gpiote.o
    0x00005340   0x00000010   Code   RO          802    i.channel_port_get  nrf_drv_gpiote.o
    0x00005350   0x000000ac   Code   RO         1550    i.compare_reg_update  app_timer.o
    0x000053fc   0x0000005c   Code   RO         7090    i.cond_field_dec    cond_field_serialization.o
    0x00005458   0x0000003a   Code   RO         7091    i.cond_field_enc    cond_field_serialization.o
    0x00005492   0x00000088   Code   RO          367    i.conn_int_encode   ble_advdata.o
    0x0000551a   0x00000004   Code   RO            9    i.conn_params_error_handler  main.o
    0x0000551e   0x00000002   PAD
    0x00005520   0x0000005c   Code   RO          474    i.conn_params_negotiation  ble_conn_params.o
    0x0000557c   0x00000016   Code   RO         1417    i.dequeue           app_mailbox.o
    0x00005592   0x00000002   PAD
    0x00005594   0x00000060   Code   RO         1284    i.detection_delay_timeout_handler  app_button.o
    0x000055f4   0x00000040   Code   RO         1551    i.elapsed_ticks_acquire  app_timer.o
    0x00005634   0x00000012   Code   RO         2185    i.enable_rsp_dec    app_mw_ble.o
    0x00005646   0x00000002   PAD
    0x00005648   0x00000020   Code   RO         2320    i.gap_address_get_rsp_dec  app_mw_ble_gap.o
    0x00005668   0x00000016   Code   RO         2321    i.gap_address_set_rsp_dec  app_mw_ble_gap.o
    0x0000567e   0x00000012   Code   RO         2322    i.gap_adv_data_set_rsp_dec  app_mw_ble_gap.o
    0x00005690   0x00000012   Code   RO         2323    i.gap_adv_start_rsp_dec  app_mw_ble_gap.o
    0x000056a2   0x00000002   PAD
    0x000056a4   0x0000001c   Code   RO         2325    i.gap_appearance_get_rsp_dec  app_mw_ble_gap.o
    0x000056c0   0x00000012   Code   RO         2329    i.gap_conn_param_update_rsp_dec  app_mw_ble_gap.o
    0x000056d2   0x00000002   PAD
    0x000056d4   0x0000001c   Code   RO         2333    i.gap_device_name_get_rsp_dec  app_mw_ble_gap.o
    0x000056f0   0x00000012   Code   RO         2334    i.gap_device_name_set_rsp_dec  app_mw_ble_gap.o
    0x00005702   0x00000012   Code   RO         2335    i.gap_disconnect_rsp_dec  app_mw_ble_gap.o
    0x00005714   0x00000020   Code   RO         2341    i.gap_ppcp_get_reply_rsp_dec  app_mw_ble_gap.o
    0x00005734   0x00000012   Code   RO         2342    i.gap_ppcp_set_rsp_dec  app_mw_ble_gap.o
    0x00005746   0x00000002   PAD
    0x00005748   0x0000002c   Code   RO         2349    i.gap_sec_params_reply_rsp_dec  app_mw_ble_gap.o
    0x00005774   0x00000018   Code   RO         2830    i.gatts_characteristic_add_rsp_dec  app_mw_ble_gatts.o
    0x0000578c   0x00000018   Code   RO         2832    i.gatts_hvx_rsp_dec  app_mw_ble_gatts.o
    0x000057a4   0x0000001c   Code   RO         2836    i.gatts_service_add_rsp_dec  app_mw_ble_gatts.o
    0x000057c0   0x00000012   Code   RO         2839    i.gatts_sys_attr_set_rsp_dec  app_mw_ble_gatts.o
    0x000057d2   0x00000002   PAD
    0x000057d4   0x00000058   Code   RO         1285    i.gpiote_event_handler  app_button.o
    0x0000582c   0x00000016   Code   RO         6584    i.int8_dec          ble_serialization.o
    0x00005842   0x00000002   PAD
    0x00005844   0x00000074   Code   RO         7704    i.intern_softdevice_events_execute  softdevice_handler.o
    0x000058b8   0x0000001c   Code   RO          475    i.is_conn_params_ok  ble_conn_params.o
    0x000058d4   0x00000054   Code   RO          368    i.le_role_encode    ble_advdata.o
    0x00005928   0x000000a0   Code   RO          549    i.led_char_add      ble_lbs.o
    0x000059c8   0x00000020   Code   RO           10    i.led_write_handler  main.o
    0x000059e8   0x00000030   Code   RO         6585    i.len16data_dec     ble_serialization.o
    0x00005a18   0x00000030   Code   RO         6586    i.len16data_enc     ble_serialization.o
    0x00005a48   0x00000030   Code   RO         6588    i.len8data_enc      ble_serialization.o
    0x00005a78   0x000000bc   Code   RO         1552    i.list_deletions_handler  app_timer.o
    0x00005b34   0x000000cc   Code   RO         1553    i.list_insertions_handler  app_timer.o
    0x00005c00   0x00000054   Code   RO         1760    i.log_rtt_init      nrf_log.o
    0x00005c54   0x00000016   Code   RO         1761    i.log_rtt_printf    nrf_log.o
    0x00005c6a   0x00000002   PAD
    0x00005c6c   0x0000016c   Code   RO           11    i.main              main.o
    0x00005dd8   0x00000064   Code   RO          369    i.manuf_specific_data_encode  ble_advdata.o
    0x00005e3c   0x0000009e   Code   RO          370    i.name_encode       ble_advdata.o
    0x00005eda   0x0000001a   Code   RO          727    i.nrf_delay_ms      nrf_delay.o
    0x00005ef4   0x00000038   Code   RO          761    i.nrf_drv_common_irq_enable  nrf_drv_common.o
    0x00005f2c   0x00000048   Code   RO          804    i.nrf_drv_gpiote_in_event_disable  nrf_drv_gpiote.o
    0x00005f74   0x000000a4   Code   RO          805    i.nrf_drv_gpiote_in_event_enable  nrf_drv_gpiote.o
    0x00006018   0x000000b8   Code   RO          806    i.nrf_drv_gpiote_in_init  nrf_drv_gpiote.o
    0x000060d0   0x00000014   Code   RO          807    i.nrf_drv_gpiote_in_is_set  nrf_drv_gpiote.o
    0x000060e4   0x00000054   Code   RO          809    i.nrf_drv_gpiote_init  nrf_drv_gpiote.o
    0x00006138   0x00000014   Code   RO          810    i.nrf_drv_gpiote_is_init  nrf_drv_gpiote.o
    0x0000614c   0x00000094   Code   RO         1001    i.nrf_drv_uart_init  nrf_drv_uart.o
    0x000061e0   0x0000008c   Code   RO         1002    i.nrf_drv_uart_rx   nrf_drv_uart.o
    0x0000626c   0x00000020   Code   RO         1005    i.nrf_drv_uart_rx_enable  nrf_drv_uart.o
    0x0000628c   0x0000009c   Code   RO         1006    i.nrf_drv_uart_rx_for_uart  nrf_drv_uart.o
    0x00006328   0x00000090   Code   RO         1007    i.nrf_drv_uart_rx_for_uarte  nrf_drv_uart.o
    0x000063b8   0x00000090   Code   RO         1008    i.nrf_drv_uart_tx   nrf_drv_uart.o
    0x00006448   0x00000080   Code   RO         1010    i.nrf_drv_uart_tx_for_uart  nrf_drv_uart.o
    0x000064c8   0x00000010   Code   RO         1011    i.nrf_drv_uart_tx_in_progress  nrf_drv_uart.o
    0x000064d8   0x00000022   Code   RO          822    i.nrf_gpio_cfg      nrf_drv_gpiote.o
    0x000064fa   0x00000022   Code   RO         1013    i.nrf_gpio_cfg      nrf_drv_uart.o
    0x0000651c   0x00000012   Code   RO         1015    i.nrf_gpio_cfg_input  nrf_drv_uart.o
    0x0000652e   0x00000014   Code   RO         1016    i.nrf_gpio_cfg_output  nrf_drv_uart.o
    0x00006542   0x0000001c   Code   RO          824    i.nrf_gpio_cfg_sense_set  nrf_drv_gpiote.o
    0x0000655e   0x00000002   PAD
    0x00006560   0x00000014   Code   RO          825    i.nrf_gpiote_event_clear  nrf_drv_gpiote.o
    0x00006574   0x00000010   Code   RO          826    i.nrf_gpiote_event_is_set  nrf_drv_gpiote.o
    0x00006584   0x0000000a   Code   RO         1017    i.nrf_uart_event_check  nrf_drv_uart.o
    0x0000658e   0x0000000c   Code   RO         1018    i.nrf_uart_int_enable_check  nrf_drv_uart.o
    0x0000659a   0x0000000a   Code   RO         1019    i.nrf_uarte_event_check  nrf_drv_uart.o
    0x000065a4   0x00000084   Code   RO           12    i.on_ble_evt        main.o
    0x00006628   0x00000024   Code   RO           13    i.on_conn_params_evt  main.o
    0x0000664c   0x00000002   Code   RO         7593    i.os_rsp_set_handler  ser_softdevice_handler.o
    0x0000664e   0x00000002   PAD
    0x00006650   0x0000018c   Code   RO         7359    i.phy_events_handler  ser_hal_transport.o
    0x000067dc   0x00000018   Code   RO          827    i.pin_in_use_by_port  nrf_drv_gpiote.o
    0x000067f4   0x00000018   Code   RO          828    i.pin_in_use_by_te  nrf_drv_gpiote.o
    0x0000680c   0x00000010   Code   RO         7705    i.ram_end_address_get  softdevice_handler.o
    0x0000681c   0x0000003c   Code   RO         1554    i.rtc1_stop         app_timer.o
    0x00006858   0x00000030   Code   RO         1021    i.rx_byte           nrf_drv_uart.o
    0x00006888   0x00000020   Code   RO         1022    i.rx_done_event     nrf_drv_uart.o
    0x000068a8   0x00000018   Code   RO         1023    i.rx_enable         nrf_drv_uart.o
    0x000068c0   0x00000006   Code   RO         1250    i.sd_app_evt_wait   nrf_soc.o
    0x000068c6   0x00000002   PAD
    0x000068c8   0x0000003c   Code   RO         2188    i.sd_ble_enable     app_mw_ble.o
    0x00006904   0x00000028   Code   RO         7594    i.sd_ble_evt_get    ser_softdevice_handler.o
    0x0000692c   0x00000040   Code   RO         2351    i.sd_ble_gap_address_get  app_mw_ble_gap.o
    0x0000696c   0x0000003c   Code   RO         2352    i.sd_ble_gap_address_set  app_mw_ble_gap.o
    0x000069a8   0x00000050   Code   RO         2353    i.sd_ble_gap_adv_data_set  app_mw_ble_gap.o
    0x000069f8   0x00000038   Code   RO         2354    i.sd_ble_gap_adv_start  app_mw_ble_gap.o
    0x00006a30   0x00000040   Code   RO         2356    i.sd_ble_gap_appearance_get  app_mw_ble_gap.o
    0x00006a70   0x0000003c   Code   RO         2360    i.sd_ble_gap_conn_param_update  app_mw_ble_gap.o
    0x00006aac   0x00000048   Code   RO         2364    i.sd_ble_gap_device_name_get  app_mw_ble_gap.o
    0x00006af4   0x00000044   Code   RO         2365    i.sd_ble_gap_device_name_set  app_mw_ble_gap.o
    0x00006b38   0x0000003c   Code   RO         2366    i.sd_ble_gap_disconnect  app_mw_ble_gap.o
    0x00006b74   0x00000040   Code   RO         2372    i.sd_ble_gap_ppcp_get  app_mw_ble_gap.o
    0x00006bb4   0x00000038   Code   RO         2373    i.sd_ble_gap_ppcp_set  app_mw_ble_gap.o
    0x00006bec   0x00000080   Code   RO         2380    i.sd_ble_gap_sec_params_reply  app_mw_ble_gap.o
    0x00006c6c   0x00000058   Code   RO         2843    i.sd_ble_gatts_characteristic_add  app_mw_ble_gatts.o
    0x00006cc4   0x0000004c   Code   RO         2845    i.sd_ble_gatts_hvx  app_mw_ble_gatts.o
    0x00006d10   0x0000004c   Code   RO         2849    i.sd_ble_gatts_service_add  app_mw_ble_gatts.o
    0x00006d5c   0x00000050   Code   RO         2852    i.sd_ble_gatts_sys_attr_set  app_mw_ble_gatts.o
    0x00006dac   0x00000048   Code   RO         2194    i.sd_ble_uuid_encode  app_mw_ble.o
    0x00006df4   0x00000040   Code   RO         2195    i.sd_ble_uuid_vs_add  app_mw_ble.o
    0x00006e34   0x0000008c   Code   RO         7706    i.sd_check_ram_start  softdevice_handler.o
    0x00006ec0   0x00000018   Code   RO         7596    i.sd_evt_get        ser_softdevice_handler.o
    0x00006ed8   0x00000064   Code   RO         7598    i.sd_softdevice_enable  ser_softdevice_handler.o
    0x00006f3c   0x00000004   Code   RO         7217    i.ser_app_hal_delay  ser_app_hal_nrf51.o
    0x00006f40   0x00000038   Code   RO         7218    i.ser_app_hal_hw_init  ser_app_hal_nrf51.o
    0x00006f78   0x00000010   Code   RO         7219    i.ser_app_hal_nrf_evt_irq_priority_set  ser_app_hal_nrf51.o
    0x00006f88   0x0000000e   Code   RO         7220    i.ser_app_hal_nrf_evt_pending  ser_app_hal_nrf51.o
    0x00006f96   0x00000002   PAD
    0x00006f98   0x00000010   Code   RO         7221    i.ser_app_hal_nrf_reset_pin_clear  ser_app_hal_nrf51.o
    0x00006fa8   0x00000010   Code   RO         7222    i.ser_app_hal_nrf_reset_pin_set  ser_app_hal_nrf51.o
    0x00006fb8   0x0000000c   Code   RO         7321    i.ser_app_power_system_off_enter  ser_app_power_system_off.o
    0x00006fc4   0x0000000c   Code   RO         7322    i.ser_app_power_system_off_get  ser_app_power_system_off.o
    0x00006fd0   0x00000026   Code   RO         6591    i.ser_ble_cmd_rsp_dec  ble_serialization.o
    0x00006ff6   0x0000003a   Code   RO         6592    i.ser_ble_cmd_rsp_result_code_dec  ble_serialization.o
    0x00007030   0x00000058   Code   RO         6136    i.ser_ble_gatts_char_pf_enc  ble_gatts_struct_serialization.o
    0x00007088   0x00000040   Code   RO         7361    i.ser_hal_transport_open  ser_hal_transport.o
    0x000070c8   0x00000058   Code   RO         7362    i.ser_hal_transport_rx_pkt_free  ser_hal_transport.o
    0x00007120   0x0000003c   Code   RO         7363    i.ser_hal_transport_tx_pkt_alloc  ser_hal_transport.o
    0x0000715c   0x00000034   Code   RO         7364    i.ser_hal_transport_tx_pkt_free  ser_hal_transport.o
    0x00007190   0x00000060   Code   RO         7365    i.ser_hal_transport_tx_pkt_send  ser_hal_transport.o
    0x000071f0   0x0000000c   Code   RO         7429    i.ser_phy_interrupts_disable  ser_phy_nrf51_uart.o
    0x000071fc   0x0000000c   Code   RO         7430    i.ser_phy_interrupts_enable  ser_phy_nrf51_uart.o
    0x00007208   0x00000038   Code   RO         7431    i.ser_phy_open      ser_phy_nrf51_uart.o
    0x00007240   0x00000030   Code   RO         7432    i.ser_phy_rx_buf_set  ser_phy_nrf51_uart.o
    0x00007270   0x0000003c   Code   RO         7433    i.ser_phy_tx_pkt_send  ser_phy_nrf51_uart.o
    0x000072ac   0x00000060   Code   RO         7434    i.ser_phy_uart_evt_callback  ser_phy_nrf51_uart.o
    0x0000730c   0x000000a0   Code   RO         7435    i.ser_phy_uart_rx   ser_phy_nrf51_uart.o
    0x000073ac   0x00000074   Code   RO         7436    i.ser_phy_uart_tx   ser_phy_nrf51_uart.o
    0x00007420   0x00000012   Code   RO         7599    i.ser_sd_rsp_wait   ser_softdevice_handler.o
    0x00007432   0x00000002   PAD
    0x00007434   0x00000040   Code   RO         7513    i.ser_sd_transport_cmd_write  ser_sd_transport.o
    0x00007474   0x00000058   Code   RO         7514    i.ser_sd_transport_hal_handler  ser_sd_transport.o
    0x000074cc   0x0000000c   Code   RO         7515    i.ser_sd_transport_is_busy  ser_sd_transport.o
    0x000074d8   0x0000002c   Code   RO         7516    i.ser_sd_transport_open  ser_sd_transport.o
    0x00007504   0x00000006   Code   RO         7518    i.ser_sd_transport_rx_free  ser_sd_transport.o
    0x0000750a   0x00000002   PAD
    0x0000750c   0x00000064   Code   RO         7519    i.ser_sd_transport_rx_packet_handler  ser_sd_transport.o
    0x00007570   0x00000014   Code   RO         7520    i.ser_sd_transport_tx_alloc  ser_sd_transport.o
    0x00007584   0x00000040   Code   RO         7600    i.ser_softdevice_evt_handler  ser_softdevice_handler.o
    0x000075c4   0x00000024   Code   RO         7601    i.ser_softdevice_flash_operation_success_evt  ser_softdevice_handler.o
    0x000075e8   0x00000088   Code   RO          371    i.service_data_encode  ble_advdata.o
    0x00007670   0x00000014   Code   RO         7707    i.softdevice_ble_evt_handler_set  softdevice_handler.o
    0x00007684   0x00000100   Code   RO         7708    i.softdevice_enable  softdevice_handler.o
    0x00007784   0x00000026   Code   RO         7709    i.softdevice_enable_get_default_config  softdevice_handler.o
    0x000077aa   0x00000004   Code   RO         7710    i.softdevice_fault_handler  softdevice_handler.o
    0x000077ae   0x00000002   PAD
    0x000077b0   0x00000054   Code   RO         7711    i.softdevice_handler_init  softdevice_handler.o
    0x00007804   0x0000008c   Code   RO         1555    i.timer_list_handler  app_timer.o
    0x00007890   0x0000003c   Code   RO         1556    i.timer_list_insert  app_timer.o
    0x000078cc   0x00000084   Code   RO         1557    i.timer_timeouts_check  app_timer.o
    0x00007950   0x00000020   Code   RO         2197    i.tx_buf_alloc      app_mw_ble.o
    0x00007970   0x0000001e   Code   RO         2382    i.tx_buf_alloc      app_mw_ble_gap.o
    0x0000798e   0x0000001e   Code   RO         2855    i.tx_buf_alloc      app_mw_ble_gatts.o
    0x000079ac   0x00000024   Code   RO         1024    i.tx_byte           nrf_drv_uart.o
    0x000079d0   0x00000024   Code   RO         1025    i.tx_done_event     nrf_drv_uart.o
    0x000079f4   0x00000058   Code   RO          647    i.uart_event_handler  app_uart.o
    0x00007a4c   0x00000108   Code   RO         1026    i.uart_irq_handler  nrf_drv_uart.o
    0x00007b54   0x000000d8   Code   RO         1027    i.uarte_irq_handler  nrf_drv_uart.o
    0x00007c2c   0x00000018   Code   RO         6594    i.uint16_dec        ble_serialization.o
    0x00007c44   0x0000000a   Code   RO          372    i.uint16_encode     ble_advdata.o
    0x00007c4e   0x0000000a   Code   RO         3511    i.uint16_encode     ble_gap_conn_param_update.o
    0x00007c58   0x0000000a   Code   RO         4280    i.uint16_encode     ble_gap_ppcp_set.o
    0x00007c62   0x0000000a   Code   RO         5928    i.uint16_encode     ble_gatts_hvx.o
    0x00007c6c   0x0000001e   Code   RO         6595    i.uint16_t_dec      ble_serialization.o
    0x00007c8a   0x00000022   Code   RO         6596    i.uint16_t_enc      ble_serialization.o
    0x00007cac   0x00000012   Code   RO         6597    i.uint32_encode     ble_serialization.o
    0x00007cbe   0x0000002c   Code   RO         6599    i.uint32_t_enc      ble_serialization.o
    0x00007cea   0x00000016   Code   RO         6600    i.uint8_dec         ble_serialization.o
    0x00007d00   0x0000001a   Code   RO         6601    i.uint8_t_dec       ble_serialization.o
    0x00007d1a   0x0000001a   Code   RO         6602    i.uint8_t_enc       ble_serialization.o
    0x00007d34   0x0000002c   Code   RO         6603    i.uint8_vector_dec  ble_serialization.o
    0x00007d60   0x00000064   Code   RO          476    i.update_timeout_handler  ble_conn_params.o
    0x00007dc4   0x0000003e   Code   RO         1558    i.user_id_get       app_timer.o
    0x00007e02   0x00000028   Code   RO         1559    i.user_op_alloc     app_timer.o
    0x00007e2a   0x00000002   PAD
    0x00007e2c   0x0000001c   Code   RO         2201    i.uuid_encode_rsp_dec  app_mw_ble.o
    0x00007e48   0x00000030   Code   RO          373    i.uuid_list_encode  ble_advdata.o
    0x00007e78   0x000000b2   Code   RO          374    i.uuid_list_sized_encode  ble_advdata.o
    0x00007f2a   0x00000002   PAD
    0x00007f2c   0x00000018   Code   RO         2202    i.uuid_vs_add_rsp_dec  app_mw_ble.o
    0x00007f44   0x00000008   Data   RO           15    .constdata          main.o
    0x00007f4c   0x00000004   Data   RO          479    .constdata          ble_conn_params.o
    0x00007f50   0x00000010   Data   RO          550    .constdata          ble_lbs.o
    0x00007f60   0x00000020   Data   RO          648    .constdata          app_uart.o
    0x00007f80   0x00000020   Data   RO         1029    .constdata          nrf_drv_uart.o
    0x00007fa0   0x00000008   Data   RO         1287    .constdata          app_button.o
    0x00007fa8   0x00000010   Data   RO         2078    .constdata          segger_rtt_printf.o
    0x00007fb8   0x0000000c   Data   RO         7438    .constdata          ser_phy_nrf51_uart.o
    0x00007fc4   0x00000018   Data   RO         7604    .constdata          ser_softdevice_handler.o
    0x00007fdc   0x00000020   Data   RO         7882    Region$$Table       anon$$obj.o


    Execution Region RW_IRAM1 (Base: 0x20002080, Size: 0x00003208, Max: 0x0000df80, ABSOLUTE)

    Base Addr    Size         Type   Attr      Idx    E Section Name        Object

    0x20002080   0x0000000c   Data   RW           16    .data               main.o
    0x2000208c   0x00000014   Data   RW          480    .data               ble_conn_params.o
    0x200020a0   0x00000008   Data   RW          649    .data               app_uart.o
    0x200020a8   0x00000014   Data   RW         1288    .data               app_button.o
    0x200020bc   0x00000020   Data   RW         1560    .data               app_timer.o
    0x200020dc   0x00000004   Data   RW         1701    .data               app_util_platform.o
    0x200020e0   0x00000004   Data   RW         1766    .data               nrf_log.o
    0x200020e4   0x0000000c   Data   RW         2205    .data               app_mw_ble.o
    0x200020f0   0x0000000c   Data   RW         2383    .data               app_mw_ble_gap.o
    0x200020fc   0x00000004   Data   RW         7223    .data               ser_app_hal_nrf51.o
    0x20002100   0x00000001   Data   RW         7324    .data               ser_app_power_system_off.o
    0x20002101   0x00000003   PAD
    0x20002104   0x00000008   Data   RW         7367    .data               ser_hal_transport.o
    0x2000210c   0x0000001c   Data   RW         7439    .data               ser_phy_nrf51_uart.o
    0x20002128   0x00000020   Data   RW         7522    .data               ser_sd_transport.o
    0x20002148   0x00000004   Data   RW         7605    .data               ser_softdevice_handler.o
    0x2000214c   0x00000004   Data   RW         7606    .data               ser_softdevice_handler.o
    0x20002150   0x00000014   Data   RW         7716    .data               softdevice_handler.o
    0x20002164   0x00000004   Data   RW         7813    .data               system_nrf52.o
    0x20002168   0x0000022c   Zero   RW           14    .bss                main.o
    0x20002394   0x00000020   Zero   RW          477    .bss                ble_conn_params.o
    0x200023b4   0x0000001c   Zero   RW          478    .bss                ble_conn_params.o
    0x200023d0   0x00000058   Zero   RW          829    .bss                nrf_drv_gpiote.o
    0x20002428   0x00000020   Zero   RW         1028    .bss                nrf_drv_uart.o
    0x20002448   0x00000020   Zero   RW         1286    .bss                app_button.o
    0x20002468   0x0000041b   Zero   RW         1765    .bss                nrf_log.o
    0x20002883   0x00000001   PAD
    0x20002884   0x00000488   Zero   RW         1957    .bss                segger_rtt.o
    0x20002d0c   0x00000048   Zero   RW         2110    .bss                app_ble_gap_sec_keys.o
    0x20002d54   0x00000060   Zero   RW         2143    .bss                app_ble_user_mem.o
    0x20002db4   0x0000000c   Zero   RW         2204    .bss                app_mw_ble.o
    0x20002dc0   0x0000000c   Zero   RW         2856    .bss                app_mw_ble_gatts.o
    0x20002dcc   0x00000300   Zero   RW         7366    .bss                ser_hal_transport.o
    0x200030cc   0x00000018   Zero   RW         7437    .bss                ser_phy_nrf51_uart.o
    0x200030e4   0x0000017c   Zero   RW         7602    .bss                ser_softdevice_handler.o
    0x20003260   0x00000028   Zero   RW         7603    .bss                ser_softdevice_handler.o
    0x20003288   0x00002000   Zero   RW         7801    STACK               arm_startup_nrf52.o


==============================================================================

Image component sizes


      Code (inc. data)   RO Data    RW Data    ZI Data      Debug   Object Name

       164         16          0          0         72       4885   app_ble_gap_sec_keys.o
       104         10          0          0         96       3934   app_ble_user_mem.o
       380         44          8         20         32      10811   app_button.o
        22          0          0          0          0       2281   app_error.o
        36         10          0          0          0      27365   app_error_weak.o
       238          0          0          0          0       7825   app_mailbox.o
       298         32          0         12         12       8925   app_mw_ble.o
      1156        104          0         12          0      25401   app_mw_ble_gap.o
       444         48          0          0         12      10016   app_mw_ble_gatts.o
         0          0          0          0          0       3328   app_scheduler.o
      1766         94          0         32          0      55779   app_timer.o
       256         22         32          8          0      12368   app_uart.o
        44         10          0          4          0       3412   app_util_platform.o
        36          8       1024          0       8192        944   arm_startup_nrf52.o
      1566          0          0          0          0      35100   ble_advdata.o
       444         54          4         20         60      13876   ble_conn_params.o
        68          4          0          0          0       3418   ble_enable.o
       566         42          0          0          0       2448   ble_event.o
       100          0          0          0          0       1854   ble_evt_tx_complete.o
       184          6          0          0          0       2426   ble_evt_user_mem_release.o
        90          0          0          0          0       2043   ble_evt_user_mem_request.o
       138          0          0          0          0       2960   ble_gap_address_get.o
       136          0          0          0          0       2940   ble_gap_address_set.o
       104          0          0          0          0       2806   ble_gap_adv_data_set.o
       212          8          0          0          0       3028   ble_gap_adv_start.o
       122          0          0          0          0       2910   ble_gap_appearance_get.o
       140          0          0          0          0       3464   ble_gap_conn_param_update.o
       174          0          0          0          0       3264   ble_gap_device_name_get.o
       142          0          0          0          0       3032   ble_gap_device_name_set.o
        48          0          0          0          0       2782   ble_gap_disconnect.o
       188          0          0          0          0       2153   ble_gap_evt_adv_report.o
       100          0          0          0          0       1975   ble_gap_evt_auth_key_request.o
       164          6          0          0          0       2329   ble_gap_evt_auth_status.o
       142          0          0          0          0       1996   ble_gap_evt_conn_param_update.o
       142          0          0          0          0       2044   ble_gap_evt_conn_param_update_request.o
       128          0          0          0          0       1994   ble_gap_evt_conn_sec_update.o
        98          0          0          0          0       2084   ble_gap_evt_connected.o
       100          0          0          0          0       1955   ble_gap_evt_disconnected.o
        98          0          0          0          0       2094   ble_gap_evt_key_pressed.o
       172          8          0          0          0       2368   ble_gap_evt_lesc_dhkey_request.o
       126          0          0          0          0       2138   ble_gap_evt_passkey_display.o
       100          0          0          0          0       1951   ble_gap_evt_rssi_changed.o
       120          0          0          0          0       2130   ble_gap_evt_scan_req_report.o
       104          0          0          0          0       2127   ble_gap_evt_sec_info_request.o
       108          0          0          0          0       2141   ble_gap_evt_sec_params_request.o
       100          0          0          0          0       2182   ble_gap_evt_sec_request.o
       104          0          0          0          0       1898   ble_gap_evt_timeout.o
       156          0          0          0          0       2834   ble_gap_ppcp_get.o
       128          0          0          0          0       3446   ble_gap_ppcp_set.o
       240         16          0          0          0       3318   ble_gap_sec_params_reply.o
      2392         44          0          0          0      38501   ble_gap_struct_serialization.o
       164          0          0          0          0       2335   ble_gattc_evt_attr_info_disc_rsp.o
       388          0          0          0          0       2374   ble_gattc_evt_char_disc_rsp.o
       162          0          0          0          0       2502   ble_gattc_evt_char_val_by_uuid_read_rsp.o
       116          0          0          0          0       2239   ble_gattc_evt_char_vals_read_rsp.o
       242          0          0          0          0       2214   ble_gattc_evt_desc_disc_rsp.o
       190          0          0          0          0       2044   ble_gattc_evt_hvx.o
       258          0          0          0          0       2255   ble_gattc_evt_prim_srvc_disc_rsp.o
       190          0          0          0          0       2069   ble_gattc_evt_read_rsp.o
       138          0          0          0          0       2149   ble_gattc_evt_rel_disc_rsp.o
       100          0          0          0          0       1936   ble_gattc_evt_timeout.o
       204          0          0          0          0       2086   ble_gattc_evt_write_rsp.o
       698         10          0          0          0      11859   ble_gattc_struct_serialization.o
       240         14          0          0          0       3530   ble_gatts_characteristic_add.o
        98          0          0          0          0       1916   ble_gatts_evt_hvc.o
       184          6          0          0          0       2492   ble_gatts_evt_rw_authorize_request.o
        74          0          0          0          0       1935   ble_gatts_evt_sc_confirm.o
        98          0          0          0          0       1993   ble_gatts_evt_sys_attr_missing.o
        98          0          0          0          0       1940   ble_gatts_evt_timeout.o
       172          4          0          0          0       2433   ble_gatts_evt_write.o
       328          4          0          0          0       4004   ble_gatts_hvx.o
       188          0          0          0          0       3308   ble_gatts_service_add.o
      1138         20          0          0          0      11944   ble_gatts_struct_serialization.o
       154          0          0          0          0       3250   ble_gatts_sys_attr_set.o
       110          0          0          0          0       2103   ble_l2cap_evt_rx.o
       570          4         16          0          0       6395   ble_lbs.o
       710          0          0          0          0      20413   ble_serialization.o
       576          6          0          0          0      12100   ble_struct_serialization.o
       216          0          0          0          0       3252   ble_uuid_encode.o
       196         12          0          0          0       3180   ble_uuid_vs_add.o
         0          0          0          0          0       4128   bsp.o
       150          0          0          0          0       2966   cond_field_serialization.o
       840         96          8         12        556     103559   main.o
       144          0          0          0          0       1943   nrf_delay.o
        56          0          0          0          0      28895   nrf_drv_common.o
      1134         98          0          0         88      25646   nrf_drv_gpiote.o
      1808        150         32          0         32      36841   nrf_drv_uart.o
       106         30          0          4       1051       4621   nrf_log.o
         6          0          0          0          0        646   nrf_soc.o
       566         50          0          0       1160      11278   segger_rtt.o
       878          6         16          0          0       5689   segger_rtt_printf.o
       122         30          0          4          0      36532   ser_app_hal_nrf51.o
        24         10          0          1          0       1760   ser_app_power_system_off.o
       756         66          0          8        768      11054   ser_hal_transport.o
       576         72         12         28         24      39926   ser_phy_nrf51_uart.o
       334         36          0         32          0       9219   ser_sd_transport.o
       284         38         24          8        420       8815   ser_softdevice_handler.o
       710        290          0         20          0      39500   softdevice_handler.o
       620         54          0          4          0       2639   system_nrf52.o

    ----------------------------------------------------------------------
     31378       1692       1208        232      12576     847190   Object Totals
         0          0         32          0          0          0   (incl. Generated)
        76          0          0          3          1          0   (incl. Padding)

    ----------------------------------------------------------------------

      Code (inc. data)   RO Data    RW Data    ZI Data      Debug   Library Member Name

         0          0          0          0          0          0   entry.o
         0          0          0          0          0          0   entry10a.o
         0          0          0          0          0          0   entry11a.o
         8          4          0          0          0          0   entry2.o
         4          0          0          0          0          0   entry5.o
         0          0          0          0          0          0   entry7b.o
         0          0          0          0          0          0   entry8b.o
         8          4          0          0          0          0   entry9a.o
        30          0          0          0          0          0   handlers.o
        36          8          0          0          0         68   init.o
        36          0          0          0          0         68   memcpya.o
        36          0          0          0          0        108   memseta.o
        18          0          0          0          0         68   strcpy.o

    ----------------------------------------------------------------------
       178         16          0          0          0        312   Library Totals
         2          0          0          0          0          0   (incl. Padding)

    ----------------------------------------------------------------------

      Code (inc. data)   RO Data    RW Data    ZI Data      Debug   Library Name

       176         16          0          0          0        312   mc_w.l

    ----------------------------------------------------------------------
       178         16          0          0          0        312   Library Totals

    ----------------------------------------------------------------------

==============================================================================


      Code (inc. data)   RO Data    RW Data    ZI Data      Debug   

     31556       1708       1208        232      12576     810002   Grand Totals
     31556       1708       1208        232      12576     810002   ELF Image Totals
     31556       1708       1208        232          0          0   ROM Totals

==============================================================================

    Total RO  Size (Code + RO Data)                32764 (  32.00kB)
    Total RW  Size (RW Data + ZI Data)             12808 (  12.51kB)
    Total ROM Size (Code + RO Data + RW Data)      32996 (  32.22kB)

==============================================================================

